Archive member included to satisfy reference by file (symbol)

c:/st/stm32cubeide_1.10.1/stm32cubeide/plugins/com.st.stm32cube.ide.mcu.externaltools.gnu-tools-for-stm32.10.3-2021.10.win32_1.0.0.202111181127/tools/bin/../lib/gcc/arm-none-eabi/10.3.1/../../../../arm-none-eabi/lib/thumb/v7e-m+fp/hard\libc_nano.a(lib_a-errno.o)
                              ./Core/Src/syscalls.o (__errno)
c:/st/stm32cubeide_1.10.1/stm32cubeide/plugins/com.st.stm32cube.ide.mcu.externaltools.gnu-tools-for-stm32.10.3-2021.10.win32_1.0.0.202111181127/tools/bin/../lib/gcc/arm-none-eabi/10.3.1/../../../../arm-none-eabi/lib/thumb/v7e-m+fp/hard\libc_nano.a(lib_a-exit.o)
                              c:/st/stm32cubeide_1.10.1/stm32cubeide/plugins/com.st.stm32cube.ide.mcu.externaltools.gnu-tools-for-stm32.10.3-2021.10.win32_1.0.0.202111181127/tools/bin/../lib/gcc/arm-none-eabi/10.3.1/../../../../arm-none-eabi/lib/thumb/v7e-m+fp/hard/crt0.o (exit)
c:/st/stm32cubeide_1.10.1/stm32cubeide/plugins/com.st.stm32cube.ide.mcu.externaltools.gnu-tools-for-stm32.10.3-2021.10.win32_1.0.0.202111181127/tools/bin/../lib/gcc/arm-none-eabi/10.3.1/../../../../arm-none-eabi/lib/thumb/v7e-m+fp/hard\libc_nano.a(lib_a-impure.o)
                              c:/st/stm32cubeide_1.10.1/stm32cubeide/plugins/com.st.stm32cube.ide.mcu.externaltools.gnu-tools-for-stm32.10.3-2021.10.win32_1.0.0.202111181127/tools/bin/../lib/gcc/arm-none-eabi/10.3.1/../../../../arm-none-eabi/lib/thumb/v7e-m+fp/hard\libc_nano.a(lib_a-exit.o) (_global_impure_ptr)
c:/st/stm32cubeide_1.10.1/stm32cubeide/plugins/com.st.stm32cube.ide.mcu.externaltools.gnu-tools-for-stm32.10.3-2021.10.win32_1.0.0.202111181127/tools/bin/../lib/gcc/arm-none-eabi/10.3.1/../../../../arm-none-eabi/lib/thumb/v7e-m+fp/hard\libc_nano.a(lib_a-init.o)
                              c:/st/stm32cubeide_1.10.1/stm32cubeide/plugins/com.st.stm32cube.ide.mcu.externaltools.gnu-tools-for-stm32.10.3-2021.10.win32_1.0.0.202111181127/tools/bin/../lib/gcc/arm-none-eabi/10.3.1/../../../../arm-none-eabi/lib/thumb/v7e-m+fp/hard/crt0.o (__libc_init_array)
c:/st/stm32cubeide_1.10.1/stm32cubeide/plugins/com.st.stm32cube.ide.mcu.externaltools.gnu-tools-for-stm32.10.3-2021.10.win32_1.0.0.202111181127/tools/bin/../lib/gcc/arm-none-eabi/10.3.1/../../../../arm-none-eabi/lib/thumb/v7e-m+fp/hard\libc_nano.a(lib_a-memset.o)
                              c:/st/stm32cubeide_1.10.1/stm32cubeide/plugins/com.st.stm32cube.ide.mcu.externaltools.gnu-tools-for-stm32.10.3-2021.10.win32_1.0.0.202111181127/tools/bin/../lib/gcc/arm-none-eabi/10.3.1/../../../../arm-none-eabi/lib/thumb/v7e-m+fp/hard/crt0.o (memset)
c:/st/stm32cubeide_1.10.1/stm32cubeide/plugins/com.st.stm32cube.ide.mcu.externaltools.gnu-tools-for-stm32.10.3-2021.10.win32_1.0.0.202111181127/tools/bin/../lib/gcc/arm-none-eabi/10.3.1/../../../../arm-none-eabi/lib/thumb/v7e-m+fp/hard\libc_nano.a(lib_a-strcat.o)
                              ./Core/Src/bootloaderMain.o (strcat)
c:/st/stm32cubeide_1.10.1/stm32cubeide/plugins/com.st.stm32cube.ide.mcu.externaltools.gnu-tools-for-stm32.10.3-2021.10.win32_1.0.0.202111181127/tools/bin/../lib/gcc/arm-none-eabi/10.3.1/../../../../arm-none-eabi/lib/thumb/v7e-m+fp/hard\libc_nano.a(lib_a-strlen.o)
                              ./Core/Src/bootloaderMain.o (strlen)
c:/st/stm32cubeide_1.10.1/stm32cubeide/plugins/com.st.stm32cube.ide.mcu.externaltools.gnu-tools-for-stm32.10.3-2021.10.win32_1.0.0.202111181127/tools/bin/../lib/gcc/arm-none-eabi/10.3.1/thumb/v7e-m+fp/hard\libgcc.a(_aeabi_uldivmod.o)
                              ./Drivers/STM32F4xx_HAL_Driver/Src/stm32f4xx_hal_rcc.o (__aeabi_uldivmod)
c:/st/stm32cubeide_1.10.1/stm32cubeide/plugins/com.st.stm32cube.ide.mcu.externaltools.gnu-tools-for-stm32.10.3-2021.10.win32_1.0.0.202111181127/tools/bin/../lib/gcc/arm-none-eabi/10.3.1/thumb/v7e-m+fp/hard\libgcc.a(_udivmoddi4.o)
                              c:/st/stm32cubeide_1.10.1/stm32cubeide/plugins/com.st.stm32cube.ide.mcu.externaltools.gnu-tools-for-stm32.10.3-2021.10.win32_1.0.0.202111181127/tools/bin/../lib/gcc/arm-none-eabi/10.3.1/thumb/v7e-m+fp/hard\libgcc.a(_aeabi_uldivmod.o) (__udivmoddi4)
c:/st/stm32cubeide_1.10.1/stm32cubeide/plugins/com.st.stm32cube.ide.mcu.externaltools.gnu-tools-for-stm32.10.3-2021.10.win32_1.0.0.202111181127/tools/bin/../lib/gcc/arm-none-eabi/10.3.1/thumb/v7e-m+fp/hard\libgcc.a(_dvmd_tls.o)
                              c:/st/stm32cubeide_1.10.1/stm32cubeide/plugins/com.st.stm32cube.ide.mcu.externaltools.gnu-tools-for-stm32.10.3-2021.10.win32_1.0.0.202111181127/tools/bin/../lib/gcc/arm-none-eabi/10.3.1/thumb/v7e-m+fp/hard\libgcc.a(_aeabi_uldivmod.o) (__aeabi_ldiv0)

Discarded input sections

 .text          0x0000000000000000        0x0 c:/st/stm32cubeide_1.10.1/stm32cubeide/plugins/com.st.stm32cube.ide.mcu.externaltools.gnu-tools-for-stm32.10.3-2021.10.win32_1.0.0.202111181127/tools/bin/../lib/gcc/arm-none-eabi/10.3.1/thumb/v7e-m+fp/hard/crti.o
[...]
Memory Configuration

Name             Origin             Length             Attributes
CCMRAM           0x0000000010000000 0x0000000000010000 xrw
RAM              0x0000000020000000 0x0000000000020000 xrw
FLASH            0x0000000008000000 0x0000000000100000 xr
*default*        0x0000000000000000 0xffffffffffffffff

Linker script and memory map

LOAD c:/st/stm32cubeide_1.10.1/stm32cubeide/plugins/com.st.stm32cube.ide.mcu.externaltools.gnu-tools-for-stm32.10.3-2021.10.win32_1.0.0.202111181127/tools/bin/../lib/gcc/arm-none-eabi/10.3.1/thumb/v7e-m+fp/hard/crti.o
LOAD c:/st/stm32cubeide_1.10.1/stm32cubeide/plugins/com.st.stm32cube.ide.mcu.externaltools.gnu-tools-for-stm32.10.3-2021.10.win32_1.0.0.202111181127/tools/bin/../lib/gcc/arm-none-eabi/10.3.1/thumb/v7e-m+fp/hard/crtbegin.o
LOAD c:/st/stm32cubeide_1.10.1/stm32cubeide/plugins/com.st.stm32cube.ide.mcu.externaltools.gnu-tools-for-stm32.10.3-2021.10.win32_1.0.0.202111181127/tools/bin/../lib/gcc/arm-none-eabi/10.3.1/../../../../arm-none-eabi/lib/thumb/v7e-m+fp/hard/crt0.o
LOAD ./Core/Src/adc.o
LOAD ./Core/Src/bootloaderMain.o
LOAD ./Core/Src/dma.o
LOAD ./Core/Src/gpio.o
LOAD ./Core/Src/main.o
LOAD ./Core/Src/sdio.o
LOAD ./Core/Src/stm32f4xx_hal_msp.o
LOAD ./Core/Src/stm32f4xx_it.o
LOAD ./Core/Src/syscalls.o
LOAD ./Core/Src/sysmem.o
LOAD ./Core/Src/system_stm32f4xx.o
LOAD ./Core/Src/usart.o
LOAD ./Core/Startup/startup_stm32f405rgtx.o
LOAD ./Drivers/STM32F4xx_HAL_Driver/Src/stm32f4xx_hal.o
LOAD ./Drivers/STM32F4xx_HAL_Driver/Src/stm32f4xx_hal_adc.o
LOAD ./Drivers/STM32F4xx_HAL_Driver/Src/stm32f4xx_hal_adc_ex.o
LOAD ./Drivers/STM32F4xx_HAL_Driver/Src/stm32f4xx_hal_cortex.o
LOAD ./Drivers/STM32F4xx_HAL_Driver/Src/stm32f4xx_hal_dma.o
LOAD ./Drivers/STM32F4xx_HAL_Driver/Src/stm32f4xx_hal_dma_ex.o
LOAD ./Drivers/STM32F4xx_HAL_Driver/Src/stm32f4xx_hal_exti.o
LOAD ./Drivers/STM32F4xx_HAL_Driver/Src/stm32f4xx_hal_flash.o
LOAD ./Drivers/STM32F4xx_HAL_Driver/Src/stm32f4xx_hal_flash_ex.o
LOAD ./Drivers/STM32F4xx_HAL_Driver/Src/stm32f4xx_hal_flash_ramfunc.o
LOAD ./Drivers/STM32F4xx_HAL_Driver/Src/stm32f4xx_hal_gpio.o
LOAD ./Drivers/STM32F4xx_HAL_Driver/Src/stm32f4xx_hal_pwr.o
LOAD ./Drivers/STM32F4xx_HAL_Driver/Src/stm32f4xx_hal_pwr_ex.o
LOAD ./Drivers/STM32F4xx_HAL_Driver/Src/stm32f4xx_hal_rcc.o
LOAD ./Drivers/STM32F4xx_HAL_Driver/Src/stm32f4xx_hal_rcc_ex.o
LOAD ./Drivers/STM32F4xx_HAL_Driver/Src/stm32f4xx_hal_sd.o
LOAD ./Drivers/STM32F4xx_HAL_Driver/Src/stm32f4xx_hal_tim.o
LOAD ./Drivers/STM32F4xx_HAL_Driver/Src/stm32f4xx_hal_tim_ex.o
LOAD ./Drivers/STM32F4xx_HAL_Driver/Src/stm32f4xx_hal_uart.o
LOAD ./Drivers/STM32F4xx_HAL_Driver/Src/stm32f4xx_ll_adc.o
LOAD ./Drivers/STM32F4xx_HAL_Driver/Src/stm32f4xx_ll_sdmmc.o
LOAD ./FATFS/App/fatfs.o
LOAD ./FATFS/Target/bsp_driver_sd.o
LOAD ./FATFS/Target/fatfs_platform.o
LOAD ./FATFS/Target/sd_diskio.o
LOAD ./Middlewares/Third_Party/FatFs/src/diskio.o
LOAD ./Middlewares/Third_Party/FatFs/src/ff.o
LOAD ./Middlewares/Third_Party/FatFs/src/ff_gen_drv.o
LOAD ./Middlewares/Third_Party/FatFs/src/option/ccsbcs.o
LOAD ./Middlewares/Third_Party/FatFs/src/option/syscall.o
START GROUP
LOAD c:/st/stm32cubeide_1.10.1/stm32cubeide/plugins/com.st.stm32cube.ide.mcu.externaltools.gnu-tools-for-stm32.10.3-2021.10.win32_1.0.0.202111181127/tools/bin/../lib/gcc/arm-none-eabi/10.3.1/../../../../arm-none-eabi/lib/thumb/v7e-m+fp/hard\libc_nano.a
LOAD c:/st/stm32cubeide_1.10.1/stm32cubeide/plugins/com.st.stm32cube.ide.mcu.externaltools.gnu-tools-for-stm32.10.3-2021.10.win32_1.0.0.202111181127/tools/bin/../lib/gcc/arm-none-eabi/10.3.1/../../../../arm-none-eabi/lib/thumb/v7e-m+fp/hard\libm.a
END GROUP
START GROUP
LOAD c:/st/stm32cubeide_1.10.1/stm32cubeide/plugins/com.st.stm32cube.ide.mcu.externaltools.gnu-tools-for-stm32.10.3-2021.10.win32_1.0.0.202111181127/tools/bin/../lib/gcc/arm-none-eabi/10.3.1/thumb/v7e-m+fp/hard\libgcc.a
LOAD c:/st/stm32cubeide_1.10.1/stm32cubeide/plugins/com.st.stm32cube.ide.mcu.externaltools.gnu-tools-for-stm32.10.3-2021.10.win32_1.0.0.202111181127/tools/bin/../lib/gcc/arm-none-eabi/10.3.1/../../../../arm-none-eabi/lib/thumb/v7e-m+fp/hard\libc_nano.a
END GROUP
START GROUP
LOAD c:/st/stm32cubeide_1.10.1/stm32cubeide/plugins/com.st.stm32cube.ide.mcu.externaltools.gnu-tools-for-stm32.10.3-2021.10.win32_1.0.0.202111181127/tools/bin/../lib/gcc/arm-none-eabi/10.3.1/thumb/v7e-m+fp/hard\libgcc.a
LOAD c:/st/stm32cubeide_1.10.1/stm32cubeide/plugins/com.st.stm32cube.ide.mcu.externaltools.gnu-tools-for-stm32.10.3-2021.10.win32_1.0.0.202111181127/tools/bin/../lib/gcc/arm-none-eabi/10.3.1/../../../../arm-none-eabi/lib/thumb/v7e-m+fp/hard\libc_nano.a
LOAD c:/st/stm32cubeide_1.10.1/stm32cubeide/plugins/com.st.stm32cube.ide.mcu.externaltools.gnu-tools-for-stm32.10.3-2021.10.win32_1.0.0.202111181127/tools/bin/../lib/gcc/arm-none-eabi/10.3.1/../../../../arm-none-eabi/lib/thumb/v7e-m+fp/hard\libnosys.a
END GROUP
START GROUP
LOAD c:/st/stm32cubeide_1.10.1/stm32cubeide/plugins/com.st.stm32cube.ide.mcu.externaltools.gnu-tools-for-stm32.10.3-2021.10.win32_1.0.0.202111181127/tools/bin/../lib/gcc/arm-none-eabi/10.3.1/thumb/v7e-m+fp/hard\libgcc.a
LOAD c:/st/stm32cubeide_1.10.1/stm32cubeide/plugins/com.st.stm32cube.ide.mcu.externaltools.gnu-tools-for-stm32.10.3-2021.10.win32_1.0.0.202111181127/tools/bin/../lib/gcc/arm-none-eabi/10.3.1/../../../../arm-none-eabi/lib/thumb/v7e-m+fp/hard\libc_nano.a
LOAD c:/st/stm32cubeide_1.10.1/stm32cubeide/plugins/com.st.stm32cube.ide.mcu.externaltools.gnu-tools-for-stm32.10.3-2021.10.win32_1.0.0.202111181127/tools/bin/../lib/gcc/arm-none-eabi/10.3.1/../../../../arm-none-eabi/lib/thumb/v7e-m+fp/hard\libnosys.a
END GROUP
LOAD c:/st/stm32cubeide_1.10.1/stm32cubeide/plugins/com.st.stm32cube.ide.mcu.externaltools.gnu-tools-for-stm32.10.3-2021.10.win32_1.0.0.202111181127/tools/bin/../lib/gcc/arm-none-eabi/10.3.1/thumb/v7e-m+fp/hard/crtend.o
LOAD c:/st/stm32cubeide_1.10.1/stm32cubeide/plugins/com.st.stm32cube.ide.mcu.externaltools.gnu-tools-for-stm32.10.3-2021.10.win32_1.0.0.202111181127/tools/bin/../lib/gcc/arm-none-eabi/10.3.1/thumb/v7e-m+fp/hard/crtn.o
                0x0000000020020000                _estack = (ORIGIN (RAM) + LENGTH (RAM))
                0x0000000000002000                _Min_Heap_Size = 0x2000
                0x0000000000004000                _Min_Stack_Size = 0x4000

.isr_vector     0x0000000008000000      0x188
                0x0000000008000000                . = ALIGN (0x4)
 *(.isr_vector)
 .isr_vector    0x0000000008000000      0x188 ./Core/Startup/startup_stm32f405rgtx.o
                0x0000000008000000                g_pfnVectors
                0x0000000008000188                . = ALIGN (0x4)

.text           0x0000000008000188     0x9c64
                0x0000000008000188                . = ALIGN (0x4)
 *(.text)
 .text          0x0000000008000188       0x40 c:/st/stm32cubeide_1.10.1/stm32cubeide/plugins/com.st.stm32cube.ide.mcu.externaltools.gnu-tools-for-stm32.10.3-2021.10.win32_1.0.0.202111181127/tools/bin/../lib/gcc/arm-none-eabi/10.3.1/thumb/v7e-m+fp/hard/crtbegin.o
 .text          0x00000000080001c8       0x10 c:/st/stm32cubeide_1.10.1/stm32cubeide/plugins/com.st.stm32cube.ide.mcu.externaltools.gnu-tools-for-stm32.10.3-2021.10.win32_1.0.0.202111181127/tools/bin/../lib/gcc/arm-none-eabi/10.3.1/../../../../arm-none-eabi/lib/thumb/v7e-m+fp/hard\libc_nano.a(lib_a-strlen.o)
                0x00000000080001c8                strlen
 .text          0x00000000080001d8       0x30 c:/st/stm32cubeide_1.10.1/stm32cubeide/plugins/com.st.stm32cube.ide.mcu.externaltools.gnu-tools-for-stm32.10.3-2021.10.win32_1.0.0.202111181127/tools/bin/../lib/gcc/arm-none-eabi/10.3.1/thumb/v7e-m+fp/hard\libgcc.a(_aeabi_uldivmod.o)
                0x00000000080001d8                __aeabi_uldivmod
 .text          0x0000000008000208      0x2d0 c:/st/stm32cubeide_1.10.1/stm32cubeide/plugins/com.st.stm32cube.ide.mcu.externaltools.gnu-tools-for-stm32.10.3-2021.10.win32_1.0.0.202111181127/tools/bin/../lib/gcc/arm-none-eabi/10.3.1/thumb/v7e-m+fp/hard\libgcc.a(_udivmoddi4.o)
                0x0000000008000208                __udivmoddi4
 .text          0x00000000080004d8        0x4 c:/st/stm32cubeide_1.10.1/stm32cubeide/plugins/com.st.stm32cube.ide.mcu.externaltools.gnu-tools-for-stm32.10.3-2021.10.win32_1.0.0.202111181127/tools/bin/../lib/gcc/arm-none-eabi/10.3.1/thumb/v7e-m+fp/hard\libgcc.a(_dvmd_tls.o)
                0x00000000080004d8                __aeabi_idiv0
                0x00000000080004d8                __aeabi_ldiv0
 *(.text*)
 .text.MX_ADC1_Init
                0x00000000080004dc       0xa4 ./Core/Src/adc.o
                0x00000000080004dc                MX_ADC1_Init
 .text.HAL_ADC_MspInit
                0x0000000008000580       0x88 ./Core/Src/adc.o
                0x0000000008000580                HAL_ADC_MspInit
 .text.HAL_ADC_MspDeInit
                0x0000000008000608       0x3c ./Core/Src/adc.o
                0x0000000008000608                HAL_ADC_MspDeInit
 .text.isthereSDcard
                0x0000000008000644       0x24 ./Core/Src/bootloaderMain.o
                0x0000000008000644                isthereSDcard
 .text.isThereFirmwarefile
                0x0000000008000668       0x3c ./Core/Src/bootloaderMain.o
                0x0000000008000668                isThereFirmwarefile
 .text.isSDcardMounted
                0x00000000080006a4       0x68 ./Core/Src/bootloaderMain.o
                0x00000000080006a4                isSDcardMounted
 .text.isthereafirmwarefolder
                0x000000000800070c       0x28 ./Core/Src/bootloaderMain.o
                0x000000000800070c                isthereafirmwarefolder
 .text.isthereafirmwarefile
                0x0000000008000734       0x44 ./Core/Src/bootloaderMain.o
                0x0000000008000734                isthereafirmwarefile
 .text.doFlashandSDfirmwarecontentsMatch
                0x0000000008000778       0xc0 ./Core/Src/bootloaderMain.o
                0x0000000008000778                doFlashandSDfirmwarecontentsMatch
 .text.compareRAMbufferwithFlashcontents
                0x0000000008000838       0x46 ./Core/Src/bootloaderMain.o
                0x0000000008000838                compareRAMbufferwithFlashcontents
 .text.eraseFLASHappSpace
                0x000000000800087e       0x64 ./Core/Src/bootloaderMain.o
                0x000000000800087e                eraseFLASHappSpace
 *fill*         0x00000000080008e2        0x2 
 .text.programfromRAMtoFLASH
                0x00000000080008e4       0x5c ./Core/Src/bootloaderMain.o
                0x00000000080008e4                programfromRAMtoFLASH
 .text.deinitEverything
                0x0000000008000940       0x68 ./Core/Src/bootloaderMain.o
                0x0000000008000940                deinitEverything
 .text.jumpToApp
                0x00000000080009a8       0x28 ./Core/Src/bootloaderMain.o
                0x00000000080009a8                jumpToApp
 .text.MX_DMA_Init
                0x00000000080009d0       0x50 ./Core/Src/dma.o
                0x00000000080009d0                MX_DMA_Init
 .text.MX_GPIO_Init
                0x0000000008000a20       0xf8 ./Core/Src/gpio.o
                0x0000000008000a20                MX_GPIO_Init
 .text.main     0x0000000008000b18       0x5c ./Core/Src/main.o
                0x0000000008000b18                main
 .text.SystemClock_Config
                0x0000000008000b74       0xd4 ./Core/Src/main.o
                0x0000000008000b74                SystemClock_Config
 .text.Error_Handler
                0x0000000008000c48        0xa ./Core/Src/main.o
                0x0000000008000c48                Error_Handler
 *fill*         0x0000000008000c52        0x2 
 .text.MX_SDIO_SD_Init
                0x0000000008000c54       0x40 ./Core/Src/sdio.o
                0x0000000008000c54                MX_SDIO_SD_Init
 .text.HAL_SD_MspInit
                0x0000000008000c94      0x200 ./Core/Src/sdio.o
                0x0000000008000c94                HAL_SD_MspInit
 .text.HAL_SD_MspDeInit
                0x0000000008000e94       0x64 ./Core/Src/sdio.o
                0x0000000008000e94                HAL_SD_MspDeInit
 .text.HAL_MspInit
                0x0000000008000ef8       0x50 ./Core/Src/stm32f4xx_hal_msp.o
                0x0000000008000ef8                HAL_MspInit
 .text.NMI_Handler
                0x0000000008000f48        0x6 ./Core/Src/stm32f4xx_it.o
                0x0000000008000f48                NMI_Handler
 .text.HardFault_Handler
                0x0000000008000f4e        0x6 ./Core/Src/stm32f4xx_it.o
                0x0000000008000f4e                HardFault_Handler
 .text.MemManage_Handler
                0x0000000008000f54        0x6 ./Core/Src/stm32f4xx_it.o
                0x0000000008000f54                MemManage_Handler
 .text.BusFault_Handler
                0x0000000008000f5a        0x6 ./Core/Src/stm32f4xx_it.o
                0x0000000008000f5a                BusFault_Handler
 .text.UsageFault_Handler
                0x0000000008000f60        0x6 ./Core/Src/stm32f4xx_it.o
                0x0000000008000f60                UsageFault_Handler
 .text.SVC_Handler
                0x0000000008000f66        0xe ./Core/Src/stm32f4xx_it.o
                0x0000000008000f66                SVC_Handler
 .text.DebugMon_Handler
                0x0000000008000f74        0xe ./Core/Src/stm32f4xx_it.o
                0x0000000008000f74                DebugMon_Handler
 .text.PendSV_Handler
                0x0000000008000f82        0xe ./Core/Src/stm32f4xx_it.o
                0x0000000008000f82                PendSV_Handler
 .text.SysTick_Handler
                0x0000000008000f90        0xc ./Core/Src/stm32f4xx_it.o
                0x0000000008000f90                SysTick_Handler
 .text.SDIO_IRQHandler
                0x0000000008000f9c       0x14 ./Core/Src/stm32f4xx_it.o
                0x0000000008000f9c                SDIO_IRQHandler
 .text.DMA2_Stream3_IRQHandler
                0x0000000008000fb0       0x14 ./Core/Src/stm32f4xx_it.o
                0x0000000008000fb0                DMA2_Stream3_IRQHandler
 .text.DMA2_Stream6_IRQHandler
                0x0000000008000fc4       0x14 ./Core/Src/stm32f4xx_it.o
                0x0000000008000fc4                DMA2_Stream6_IRQHandler
 .text.SystemInit
                0x0000000008000fd8       0x24 ./Core/Src/system_stm32f4xx.o
                0x0000000008000fd8                SystemInit
 .text.MX_USART3_UART_Init
                0x0000000008000ffc       0x54 ./Core/Src/usart.o
                0x0000000008000ffc                MX_USART3_UART_Init
 .text.HAL_UART_MspInit
                0x0000000008001050       0x90 ./Core/Src/usart.o
                0x0000000008001050                HAL_UART_MspInit
 .text.HAL_UART_MspDeInit
                0x00000000080010e0       0x3c ./Core/Src/usart.o
                0x00000000080010e0                HAL_UART_MspDeInit
 .text.Reset_Handler
                0x000000000800111c       0x50 ./Core/Startup/startup_stm32f405rgtx.o
                0x000000000800111c                Reset_Handler
 .text.Default_Handler
                0x000000000800116c        0x2 ./Core/Startup/startup_stm32f405rgtx.o
                0x000000000800116c                RTC_Alarm_IRQHandler
                0x000000000800116c                HASH_RNG_IRQHandler
                0x000000000800116c                EXTI2_IRQHandler
                0x000000000800116c                TIM8_CC_IRQHandler
                0x000000000800116c                TIM1_CC_IRQHandler
                0x000000000800116c                DMA2_Stream5_IRQHandler
                0x000000000800116c                DMA1_Stream5_IRQHandler
                0x000000000800116c                PVD_IRQHandler
                0x000000000800116c                TAMP_STAMP_IRQHandler
                0x000000000800116c                CAN2_RX1_IRQHandler
                0x000000000800116c                EXTI3_IRQHandler
                0x000000000800116c                TIM8_TRG_COM_TIM14_IRQHandler
                0x000000000800116c                TIM1_UP_TIM10_IRQHandler
                0x000000000800116c                TIM8_UP_TIM13_IRQHandler
                0x000000000800116c                I2C3_ER_IRQHandler
                0x000000000800116c                EXTI0_IRQHandler
                0x000000000800116c                I2C2_EV_IRQHandler
                0x000000000800116c                DMA1_Stream2_IRQHandler
                0x000000000800116c                CAN1_RX0_IRQHandler
                0x000000000800116c                FPU_IRQHandler
                0x000000000800116c                OTG_HS_WKUP_IRQHandler
                0x000000000800116c                CAN2_SCE_IRQHandler
                0x000000000800116c                DMA2_Stream2_IRQHandler
                0x000000000800116c                SPI1_IRQHandler
                0x000000000800116c                TIM6_DAC_IRQHandler
                0x000000000800116c                TIM1_BRK_TIM9_IRQHandler
                0x000000000800116c                CAN2_RX0_IRQHandler
                0x000000000800116c                USART6_IRQHandler
                0x000000000800116c                USART3_IRQHandler
                0x000000000800116c                CAN1_RX1_IRQHandler
                0x000000000800116c                UART5_IRQHandler
                0x000000000800116c                DMA2_Stream0_IRQHandler
                0x000000000800116c                TIM4_IRQHandler
                0x000000000800116c                I2C1_EV_IRQHandler
                0x000000000800116c                DMA1_Stream6_IRQHandler
                0x000000000800116c                DMA1_Stream1_IRQHandler
                0x000000000800116c                UART4_IRQHandler
                0x000000000800116c                TIM3_IRQHandler
                0x000000000800116c                RCC_IRQHandler
                0x000000000800116c                TIM8_BRK_TIM12_IRQHandler
                0x000000000800116c                Default_Handler
                0x000000000800116c                EXTI15_10_IRQHandler
                0x000000000800116c                ADC_IRQHandler
                0x000000000800116c                DMA1_Stream7_IRQHandler
                0x000000000800116c                TIM7_IRQHandler
                0x000000000800116c                CAN2_TX_IRQHandler
                0x000000000800116c                TIM5_IRQHandler
                0x000000000800116c                DMA2_Stream7_IRQHandler
                0x000000000800116c                I2C3_EV_IRQHandler
                0x000000000800116c                EXTI9_5_IRQHandler
                0x000000000800116c                RTC_WKUP_IRQHandler
                0x000000000800116c                SPI2_IRQHandler
                0x000000000800116c                OTG_HS_EP1_IN_IRQHandler
                0x000000000800116c                DMA1_Stream0_IRQHandler
                0x000000000800116c                CAN1_TX_IRQHandler
                0x000000000800116c                EXTI4_IRQHandler
                0x000000000800116c                FSMC_IRQHandler
                0x000000000800116c                OTG_HS_EP1_OUT_IRQHandler
                0x000000000800116c                WWDG_IRQHandler
                0x000000000800116c                TIM2_IRQHandler
                0x000000000800116c                OTG_FS_WKUP_IRQHandler
                0x000000000800116c                TIM1_TRG_COM_TIM11_IRQHandler
                0x000000000800116c                OTG_HS_IRQHandler
                0x000000000800116c                EXTI1_IRQHandler
                0x000000000800116c                USART2_IRQHandler
                0x000000000800116c                I2C2_ER_IRQHandler
                0x000000000800116c                DMA2_Stream1_IRQHandler
                0x000000000800116c                CAN1_SCE_IRQHandler
                0x000000000800116c                FLASH_IRQHandler
                0x000000000800116c                DMA2_Stream4_IRQHandler
                0x000000000800116c                USART1_IRQHandler
                0x000000000800116c                OTG_FS_IRQHandler
                0x000000000800116c                SPI3_IRQHandler
                0x000000000800116c                DMA1_Stream4_IRQHandler
                0x000000000800116c                I2C1_ER_IRQHandler
                0x000000000800116c                DMA1_Stream3_IRQHandler
 *fill*         0x000000000800116e        0x2 
 .text.HAL_Init
                0x0000000008001170       0x44 ./Drivers/STM32F4xx_HAL_Driver/Src/stm32f4xx_hal.o
                0x0000000008001170                HAL_Init
 .text.HAL_DeInit
                0x00000000080011b4       0x58 ./Drivers/STM32F4xx_HAL_Driver/Src/stm32f4xx_hal.o
                0x00000000080011b4                HAL_DeInit
 .text.HAL_MspDeInit
                0x000000000800120c        0xe ./Drivers/STM32F4xx_HAL_Driver/Src/stm32f4xx_hal.o
                0x000000000800120c                HAL_MspDeInit
 *fill*         0x000000000800121a        0x2 
 .text.HAL_InitTick
                0x000000000800121c       0x60 ./Drivers/STM32F4xx_HAL_Driver/Src/stm32f4xx_hal.o
                0x000000000800121c                HAL_InitTick
 .text.HAL_IncTick
                0x000000000800127c       0x28 ./Drivers/STM32F4xx_HAL_Driver/Src/stm32f4xx_hal.o
                0x000000000800127c                HAL_IncTick
 .text.HAL_GetTick
                0x00000000080012a4       0x18 ./Drivers/STM32F4xx_HAL_Driver/Src/stm32f4xx_hal.o
                0x00000000080012a4                HAL_GetTick
 .text.HAL_Delay
                0x00000000080012bc       0x48 ./Drivers/STM32F4xx_HAL_Driver/Src/stm32f4xx_hal.o
                0x00000000080012bc                HAL_Delay
 .text.HAL_ADC_Init
                0x0000000008001304       0x86 ./Drivers/STM32F4xx_HAL_Driver/Src/stm32f4xx_hal_adc.o
                0x0000000008001304                HAL_ADC_Init
 .text.HAL_ADC_DeInit
                0x000000000800138a       0x64 ./Drivers/STM32F4xx_HAL_Driver/Src/stm32f4xx_hal_adc.o
                0x000000000800138a                HAL_ADC_DeInit
 *fill*         0x00000000080013ee        0x2 
 .text.HAL_ADC_ConfigChannel
                0x00000000080013f0      0x244 ./Drivers/STM32F4xx_HAL_Driver/Src/stm32f4xx_hal_adc.o
                0x00000000080013f0                HAL_ADC_ConfigChannel
 .text.ADC_Init
                0x0000000008001634      0x1f8 ./Drivers/STM32F4xx_HAL_Driver/Src/stm32f4xx_hal_adc.o
 .text.__NVIC_SetPriorityGrouping
                0x000000000800182c       0x48 ./Drivers/STM32F4xx_HAL_Driver/Src/stm32f4xx_hal_cortex.o
 .text.__NVIC_GetPriorityGrouping
                0x0000000008001874       0x1c ./Drivers/STM32F4xx_HAL_Driver/Src/stm32f4xx_hal_cortex.o
 .text.__NVIC_EnableIRQ
                0x0000000008001890       0x3c ./Drivers/STM32F4xx_HAL_Driver/Src/stm32f4xx_hal_cortex.o
 .text.__NVIC_DisableIRQ
                0x00000000080018cc       0x48 ./Drivers/STM32F4xx_HAL_Driver/Src/stm32f4xx_hal_cortex.o
 .text.__NVIC_SetPriority
                0x0000000008001914       0x54 ./Drivers/STM32F4xx_HAL_Driver/Src/stm32f4xx_hal_cortex.o
 .text.NVIC_EncodePriority
                0x0000000008001968       0x66 ./Drivers/STM32F4xx_HAL_Driver/Src/stm32f4xx_hal_cortex.o
 *fill*         0x00000000080019ce        0x2 
 .text.SysTick_Config
                0x00000000080019d0       0x44 ./Drivers/STM32F4xx_HAL_Driver/Src/stm32f4xx_hal_cortex.o
 .text.HAL_NVIC_SetPriorityGrouping
                0x0000000008001a14       0x16 ./Drivers/STM32F4xx_HAL_Driver/Src/stm32f4xx_hal_cortex.o
                0x0000000008001a14                HAL_NVIC_SetPriorityGrouping
 .text.HAL_NVIC_SetPriority
                0x0000000008001a2a       0x38 ./Drivers/STM32F4xx_HAL_Driver/Src/stm32f4xx_hal_cortex.o
                0x0000000008001a2a                HAL_NVIC_SetPriority
 .text.HAL_NVIC_EnableIRQ
                0x0000000008001a62       0x1c ./Drivers/STM32F4xx_HAL_Driver/Src/stm32f4xx_hal_cortex.o
                0x0000000008001a62                HAL_NVIC_EnableIRQ
 .text.HAL_NVIC_DisableIRQ
                0x0000000008001a7e       0x1c ./Drivers/STM32F4xx_HAL_Driver/Src/stm32f4xx_hal_cortex.o
                0x0000000008001a7e                HAL_NVIC_DisableIRQ
 .text.HAL_SYSTICK_Config
                0x0000000008001a9a       0x18 ./Drivers/STM32F4xx_HAL_Driver/Src/stm32f4xx_hal_cortex.o
                0x0000000008001a9a                HAL_SYSTICK_Config
 *fill*         0x0000000008001ab2        0x2 
 .text.HAL_DMA_Init
                0x0000000008001ab4      0x15c ./Drivers/STM32F4xx_HAL_Driver/Src/stm32f4xx_hal_dma.o
                0x0000000008001ab4                HAL_DMA_Init
 .text.HAL_DMA_DeInit
                0x0000000008001c10       0xbc ./Drivers/STM32F4xx_HAL_Driver/Src/stm32f4xx_hal_dma.o
                0x0000000008001c10                HAL_DMA_DeInit
 .text.HAL_DMA_Start_IT
                0x0000000008001ccc       0xb0 ./Drivers/STM32F4xx_HAL_Driver/Src/stm32f4xx_hal_dma.o
                0x0000000008001ccc                HAL_DMA_Start_IT
 .text.HAL_DMA_Abort_IT
                0x0000000008001d7c       0x44 ./Drivers/STM32F4xx_HAL_Driver/Src/stm32f4xx_hal_dma.o
                0x0000000008001d7c                HAL_DMA_Abort_IT
 .text.HAL_DMA_IRQHandler
                0x0000000008001dc0      0x314 ./Drivers/STM32F4xx_HAL_Driver/Src/stm32f4xx_hal_dma.o
                0x0000000008001dc0                HAL_DMA_IRQHandler
 .text.HAL_DMA_GetError
                0x00000000080020d4       0x18 ./Drivers/STM32F4xx_HAL_Driver/Src/stm32f4xx_hal_dma.o
                0x00000000080020d4                HAL_DMA_GetError
 .text.DMA_SetConfig
                0x00000000080020ec       0x5c ./Drivers/STM32F4xx_HAL_Driver/Src/stm32f4xx_hal_dma.o
 .text.DMA_CalcBaseAndBitshift
                0x0000000008002148       0x6c ./Drivers/STM32F4xx_HAL_Driver/Src/stm32f4xx_hal_dma.o
 .text.DMA_CheckFifoParam
                0x00000000080021b4       0xf8 ./Drivers/STM32F4xx_HAL_Driver/Src/stm32f4xx_hal_dma.o
 .text.HAL_FLASH_Program
                0x00000000080022ac       0xa8 ./Drivers/STM32F4xx_HAL_Driver/Src/stm32f4xx_hal_flash.o
                0x00000000080022ac                HAL_FLASH_Program
 .text.HAL_FLASH_Unlock
                0x0000000008002354       0x44 ./Drivers/STM32F4xx_HAL_Driver/Src/stm32f4xx_hal_flash.o
                0x0000000008002354                HAL_FLASH_Unlock
 .text.HAL_FLASH_Lock
                0x0000000008002398       0x20 ./Drivers/STM32F4xx_HAL_Driver/Src/stm32f4xx_hal_flash.o
                0x0000000008002398                HAL_FLASH_Lock
 .text.FLASH_WaitForLastOperation
                0x00000000080023b8       0x80 ./Drivers/STM32F4xx_HAL_Driver/Src/stm32f4xx_hal_flash.o
                0x00000000080023b8                FLASH_WaitForLastOperation
 .text.FLASH_Program_DoubleWord
                0x0000000008002438       0x64 ./Drivers/STM32F4xx_HAL_Driver/Src/stm32f4xx_hal_flash.o
 .text.FLASH_Program_Word
                0x000000000800249c       0x44 ./Drivers/STM32F4xx_HAL_Driver/Src/stm32f4xx_hal_flash.o
 .text.FLASH_Program_HalfWord
                0x00000000080024e0       0x48 ./Drivers/STM32F4xx_HAL_Driver/Src/stm32f4xx_hal_flash.o
 .text.FLASH_Program_Byte
                0x0000000008002528       0x44 ./Drivers/STM32F4xx_HAL_Driver/Src/stm32f4xx_hal_flash.o
 .text.FLASH_SetErrorCode
                0x000000000800256c       0xac ./Drivers/STM32F4xx_HAL_Driver/Src/stm32f4xx_hal_flash.o
 .text.HAL_FLASHEx_Erase
                0x0000000008002618       0xe0 ./Drivers/STM32F4xx_HAL_Driver/Src/stm32f4xx_hal_flash_ex.o
                0x0000000008002618                HAL_FLASHEx_Erase
 .text.FLASH_MassErase
                0x00000000080026f8       0x48 ./Drivers/STM32F4xx_HAL_Driver/Src/stm32f4xx_hal_flash_ex.o
 .text.FLASH_Erase_Sector
                0x0000000008002740       0x90 ./Drivers/STM32F4xx_HAL_Driver/Src/stm32f4xx_hal_flash_ex.o
                0x0000000008002740                FLASH_Erase_Sector
 .text.FLASH_FlushCaches
                0x00000000080027d0       0x8c ./Drivers/STM32F4xx_HAL_Driver/Src/stm32f4xx_hal_flash_ex.o
                0x00000000080027d0                FLASH_FlushCaches
 .text.HAL_GPIO_Init
                0x000000000800285c      0x338 ./Drivers/STM32F4xx_HAL_Driver/Src/stm32f4xx_hal_gpio.o
                0x000000000800285c                HAL_GPIO_Init
 .text.HAL_GPIO_DeInit
                0x0000000008002b94      0x1f8 ./Drivers/STM32F4xx_HAL_Driver/Src/stm32f4xx_hal_gpio.o
                0x0000000008002b94                HAL_GPIO_DeInit
 .text.HAL_GPIO_ReadPin
                0x0000000008002d8c       0x30 ./Drivers/STM32F4xx_HAL_Driver/Src/stm32f4xx_hal_gpio.o
                0x0000000008002d8c                HAL_GPIO_ReadPin
 .text.HAL_GPIO_WritePin
                0x0000000008002dbc       0x32 ./Drivers/STM32F4xx_HAL_Driver/Src/stm32f4xx_hal_gpio.o
                0x0000000008002dbc                HAL_GPIO_WritePin
 *fill*         0x0000000008002dee        0x2 
 .text.HAL_RCC_OscConfig
                0x0000000008002df0      0x4f0 ./Drivers/STM32F4xx_HAL_Driver/Src/stm32f4xx_hal_rcc.o
                0x0000000008002df0                HAL_RCC_OscConfig
 .text.HAL_RCC_ClockConfig
                0x00000000080032e0      0x1cc ./Drivers/STM32F4xx_HAL_Driver/Src/stm32f4xx_hal_rcc.o
                0x00000000080032e0                HAL_RCC_ClockConfig
 .text.HAL_RCC_GetSysClockFreq
                0x00000000080034ac      0x18c ./Drivers/STM32F4xx_HAL_Driver/Src/stm32f4xx_hal_rcc.o
                0x00000000080034ac                HAL_RCC_GetSysClockFreq
 .text.HAL_RCC_GetHCLKFreq
                0x0000000008003638       0x18 ./Drivers/STM32F4xx_HAL_Driver/Src/stm32f4xx_hal_rcc.o
                0x0000000008003638                HAL_RCC_GetHCLKFreq
 .text.HAL_RCC_GetPCLK1Freq
                0x0000000008003650       0x28 ./Drivers/STM32F4xx_HAL_Driver/Src/stm32f4xx_hal_rcc.o
                0x0000000008003650                HAL_RCC_GetPCLK1Freq
 .text.HAL_RCC_GetPCLK2Freq
                0x0000000008003678       0x28 ./Drivers/STM32F4xx_HAL_Driver/Src/stm32f4xx_hal_rcc.o
                0x0000000008003678                HAL_RCC_GetPCLK2Freq
 .text.HAL_RCC_DeInit
                0x00000000080036a0      0x19c ./Drivers/STM32F4xx_HAL_Driver/Src/stm32f4xx_hal_rcc_ex.o
                0x00000000080036a0                HAL_RCC_DeInit
 .text.HAL_SD_Init
                0x000000000800383c       0x60 ./Drivers/STM32F4xx_HAL_Driver/Src/stm32f4xx_hal_sd.o
                0x000000000800383c                HAL_SD_Init
 .text.HAL_SD_InitCard
                0x000000000800389c      0x100 ./Drivers/STM32F4xx_HAL_Driver/Src/stm32f4xx_hal_sd.o
                0x000000000800389c                HAL_SD_InitCard
 .text.HAL_SD_DeInit
                0x000000000800399c       0x3e ./Drivers/STM32F4xx_HAL_Driver/Src/stm32f4xx_hal_sd.o
                0x000000000800399c                HAL_SD_DeInit
 *fill*         0x00000000080039da        0x2 
 .text.HAL_SD_ReadBlocks_DMA
                0x00000000080039dc      0x1c4 ./Drivers/STM32F4xx_HAL_Driver/Src/stm32f4xx_hal_sd.o
                0x00000000080039dc                HAL_SD_ReadBlocks_DMA
 .text.HAL_SD_WriteBlocks_DMA
                0x0000000008003ba0      0x1cc ./Drivers/STM32F4xx_HAL_Driver/Src/stm32f4xx_hal_sd.o
                0x0000000008003ba0                HAL_SD_WriteBlocks_DMA
 .text.HAL_SD_IRQHandler
                0x0000000008003d6c      0x30c ./Drivers/STM32F4xx_HAL_Driver/Src/stm32f4xx_hal_sd.o
                0x0000000008003d6c                HAL_SD_IRQHandler
 .text.HAL_SD_ErrorCallback
                0x0000000008004078       0x14 ./Drivers/STM32F4xx_HAL_Driver/Src/stm32f4xx_hal_sd.o
                0x0000000008004078                HAL_SD_ErrorCallback
 .text.HAL_SD_GetCardCSD
                0x000000000800408c      0x348 ./Drivers/STM32F4xx_HAL_Driver/Src/stm32f4xx_hal_sd.o
                0x000000000800408c                HAL_SD_GetCardCSD
 .text.HAL_SD_GetCardInfo
                0x00000000080043d4       0x58 ./Drivers/STM32F4xx_HAL_Driver/Src/stm32f4xx_hal_sd.o
                0x00000000080043d4                HAL_SD_GetCardInfo
 .text.HAL_SD_ConfigWideBusOperation
                0x000000000800442c      0x134 ./Drivers/STM32F4xx_HAL_Driver/Src/stm32f4xx_hal_sd.o
                0x000000000800442c                HAL_SD_ConfigWideBusOperation
 .text.HAL_SD_GetCardState
                0x0000000008004560       0x40 ./Drivers/STM32F4xx_HAL_Driver/Src/stm32f4xx_hal_sd.o
                0x0000000008004560                HAL_SD_GetCardState
 .text.SD_DMATransmitCplt
                0x00000000080045a0       0x2a ./Drivers/STM32F4xx_HAL_Driver/Src/stm32f4xx_hal_sd.o
 .text.SD_DMAReceiveCplt
                0x00000000080045ca       0x70 ./Drivers/STM32F4xx_HAL_Driver/Src/stm32f4xx_hal_sd.o
 *fill*         0x000000000800463a        0x2 
 .text.SD_DMAError
                0x000000000800463c       0xa4 ./Drivers/STM32F4xx_HAL_Driver/Src/stm32f4xx_hal_sd.o
 .text.SD_DMATxAbort
                0x00000000080046e0       0x6e ./Drivers/STM32F4xx_HAL_Driver/Src/stm32f4xx_hal_sd.o
 .text.SD_DMARxAbort
                0x000000000800474e       0x6e ./Drivers/STM32F4xx_HAL_Driver/Src/stm32f4xx_hal_sd.o
 .text.SD_InitCard
                0x00000000080047bc      0x19c ./Drivers/STM32F4xx_HAL_Driver/Src/stm32f4xx_hal_sd.o
 .text.SD_PowerON
                0x0000000008004958      0x11c ./Drivers/STM32F4xx_HAL_Driver/Src/stm32f4xx_hal_sd.o
 .text.SD_PowerOFF
                0x0000000008004a74       0x1a ./Drivers/STM32F4xx_HAL_Driver/Src/stm32f4xx_hal_sd.o
 .text.SD_SendStatus
                0x0000000008004a8e       0x50 ./Drivers/STM32F4xx_HAL_Driver/Src/stm32f4xx_hal_sd.o
 .text.SD_WideBus_Enable
                0x0000000008004ade       0x96 ./Drivers/STM32F4xx_HAL_Driver/Src/stm32f4xx_hal_sd.o
 .text.SD_WideBus_Disable
                0x0000000008004b74       0x96 ./Drivers/STM32F4xx_HAL_Driver/Src/stm32f4xx_hal_sd.o
 .text.SD_FindSCR
                0x0000000008004c0a      0x1a6 ./Drivers/STM32F4xx_HAL_Driver/Src/stm32f4xx_hal_sd.o
 .text.SD_Read_IT
                0x0000000008004db0       0xa2 ./Drivers/STM32F4xx_HAL_Driver/Src/stm32f4xx_hal_sd.o
 .text.SD_Write_IT
                0x0000000008004e52       0xaa ./Drivers/STM32F4xx_HAL_Driver/Src/stm32f4xx_hal_sd.o
 .text.HAL_UART_Init
                0x0000000008004efc       0x9a ./Drivers/STM32F4xx_HAL_Driver/Src/stm32f4xx_hal_uart.o
                0x0000000008004efc                HAL_UART_Init
 .text.HAL_UART_DeInit
                0x0000000008004f96       0x5e ./Drivers/STM32F4xx_HAL_Driver/Src/stm32f4xx_hal_uart.o
                0x0000000008004f96                HAL_UART_DeInit
 .text.UART_SetConfig
                0x0000000008004ff4      0x4e8 ./Drivers/STM32F4xx_HAL_Driver/Src/stm32f4xx_hal_uart.o
 .text.SDIO_Init
                0x00000000080054dc       0x56 ./Drivers/STM32F4xx_HAL_Driver/Src/stm32f4xx_ll_sdmmc.o
                0x00000000080054dc                SDIO_Init
 .text.SDIO_ReadFIFO
                0x0000000008005532       0x1a ./Drivers/STM32F4xx_HAL_Driver/Src/stm32f4xx_ll_sdmmc.o
                0x0000000008005532                SDIO_ReadFIFO
 .text.SDIO_WriteFIFO
                0x000000000800554c       0x22 ./Drivers/STM32F4xx_HAL_Driver/Src/stm32f4xx_ll_sdmmc.o
                0x000000000800554c                SDIO_WriteFIFO
 .text.SDIO_PowerState_ON
                0x000000000800556e       0x1c ./Drivers/STM32F4xx_HAL_Driver/Src/stm32f4xx_ll_sdmmc.o
                0x000000000800556e                SDIO_PowerState_ON
 .text.SDIO_PowerState_OFF
                0x000000000800558a       0x1c ./Drivers/STM32F4xx_HAL_Driver/Src/stm32f4xx_ll_sdmmc.o
                0x000000000800558a                SDIO_PowerState_OFF
 .text.SDIO_GetPowerState
                0x00000000080055a6       0x1c ./Drivers/STM32F4xx_HAL_Driver/Src/stm32f4xx_ll_sdmmc.o
                0x00000000080055a6                SDIO_GetPowerState
 .text.SDIO_SendCommand
                0x00000000080055c2       0x54 ./Drivers/STM32F4xx_HAL_Driver/Src/stm32f4xx_ll_sdmmc.o
                0x00000000080055c2                SDIO_SendCommand
 .text.SDIO_GetCommandResponse
                0x0000000008005616       0x1a ./Drivers/STM32F4xx_HAL_Driver/Src/stm32f4xx_ll_sdmmc.o
                0x0000000008005616                SDIO_GetCommandResponse
 .text.SDIO_GetResponse
                0x0000000008005630       0x26 ./Drivers/STM32F4xx_HAL_Driver/Src/stm32f4xx_ll_sdmmc.o
                0x0000000008005630                SDIO_GetResponse
 .text.SDIO_ConfigData
                0x0000000008005656       0x58 ./Drivers/STM32F4xx_HAL_Driver/Src/stm32f4xx_ll_sdmmc.o
                0x0000000008005656                SDIO_ConfigData
 .text.SDMMC_CmdBlockLength
                0x00000000080056ae       0x44 ./Drivers/STM32F4xx_HAL_Driver/Src/stm32f4xx_ll_sdmmc.o
                0x00000000080056ae                SDMMC_CmdBlockLength
 .text.SDMMC_CmdReadSingleBlock
                0x00000000080056f2       0x44 ./Drivers/STM32F4xx_HAL_Driver/Src/stm32f4xx_ll_sdmmc.o
                0x00000000080056f2                SDMMC_CmdReadSingleBlock
 .text.SDMMC_CmdReadMultiBlock
                0x0000000008005736       0x44 ./Drivers/STM32F4xx_HAL_Driver/Src/stm32f4xx_ll_sdmmc.o
                0x0000000008005736                SDMMC_CmdReadMultiBlock
 .text.SDMMC_CmdWriteSingleBlock
                0x000000000800577a       0x44 ./Drivers/STM32F4xx_HAL_Driver/Src/stm32f4xx_ll_sdmmc.o
                0x000000000800577a                SDMMC_CmdWriteSingleBlock
 .text.SDMMC_CmdWriteMultiBlock
                0x00000000080057be       0x44 ./Drivers/STM32F4xx_HAL_Driver/Src/stm32f4xx_ll_sdmmc.o
                0x00000000080057be                SDMMC_CmdWriteMultiBlock
 *fill*         0x0000000008005802        0x2 
 .text.SDMMC_CmdStopTransfer
                0x0000000008005804       0x44 ./Drivers/STM32F4xx_HAL_Driver/Src/stm32f4xx_ll_sdmmc.o
                0x0000000008005804                SDMMC_CmdStopTransfer
 .text.SDMMC_CmdSelDesel
                0x0000000008005848       0x46 ./Drivers/STM32F4xx_HAL_Driver/Src/stm32f4xx_ll_sdmmc.o
                0x0000000008005848                SDMMC_CmdSelDesel
 .text.SDMMC_CmdGoIdleState
                0x000000000800588e       0x3c ./Drivers/STM32F4xx_HAL_Driver/Src/stm32f4xx_ll_sdmmc.o
                0x000000000800588e                SDMMC_CmdGoIdleState
 .text.SDMMC_CmdOperCond
                0x00000000080058ca       0x3e ./Drivers/STM32F4xx_HAL_Driver/Src/stm32f4xx_ll_sdmmc.o
                0x00000000080058ca                SDMMC_CmdOperCond
 .text.SDMMC_CmdAppCommand
                0x0000000008005908       0x44 ./Drivers/STM32F4xx_HAL_Driver/Src/stm32f4xx_ll_sdmmc.o
                0x0000000008005908                SDMMC_CmdAppCommand
 .text.SDMMC_CmdAppOperCommand
                0x000000000800594c       0x46 ./Drivers/STM32F4xx_HAL_Driver/Src/stm32f4xx_ll_sdmmc.o
                0x000000000800594c                SDMMC_CmdAppOperCommand
 .text.SDMMC_CmdBusWidth
                0x0000000008005992       0x44 ./Drivers/STM32F4xx_HAL_Driver/Src/stm32f4xx_ll_sdmmc.o
                0x0000000008005992                SDMMC_CmdBusWidth
 .text.SDMMC_CmdSendSCR
                0x00000000080059d6       0x42 ./Drivers/STM32F4xx_HAL_Driver/Src/stm32f4xx_ll_sdmmc.o
                0x00000000080059d6                SDMMC_CmdSendSCR
 .text.SDMMC_CmdSendCID
                0x0000000008005a18       0x3c ./Drivers/STM32F4xx_HAL_Driver/Src/stm32f4xx_ll_sdmmc.o
                0x0000000008005a18                SDMMC_CmdSendCID
 .text.SDMMC_CmdSendCSD
                0x0000000008005a54       0x3e ./Drivers/STM32F4xx_HAL_Driver/Src/stm32f4xx_ll_sdmmc.o
                0x0000000008005a54                SDMMC_CmdSendCSD
 .text.SDMMC_CmdSetRelAdd
                0x0000000008005a92       0x42 ./Drivers/STM32F4xx_HAL_Driver/Src/stm32f4xx_ll_sdmmc.o
                0x0000000008005a92                SDMMC_CmdSetRelAdd
 .text.SDMMC_CmdSendStatus
                0x0000000008005ad4       0x44 ./Drivers/STM32F4xx_HAL_Driver/Src/stm32f4xx_ll_sdmmc.o
                0x0000000008005ad4                SDMMC_CmdSendStatus
 .text.SDMMC_GetCmdResp1
                0x0000000008005b18      0x1dc ./Drivers/STM32F4xx_HAL_Driver/Src/stm32f4xx_ll_sdmmc.o
                0x0000000008005b18                SDMMC_GetCmdResp1
 .text.SDMMC_GetCmdResp2
                0x0000000008005cf4       0x90 ./Drivers/STM32F4xx_HAL_Driver/Src/stm32f4xx_ll_sdmmc.o
                0x0000000008005cf4                SDMMC_GetCmdResp2
 .text.SDMMC_GetCmdResp3
                0x0000000008005d84       0x7c ./Drivers/STM32F4xx_HAL_Driver/Src/stm32f4xx_ll_sdmmc.o
                0x0000000008005d84                SDMMC_GetCmdResp3
 .text.SDMMC_GetCmdResp6
                0x0000000008005e00       0xec ./Drivers/STM32F4xx_HAL_Driver/Src/stm32f4xx_ll_sdmmc.o
                0x0000000008005e00                SDMMC_GetCmdResp6
 .text.SDMMC_GetCmdResp7
                0x0000000008005eec       0x9c ./Drivers/STM32F4xx_HAL_Driver/Src/stm32f4xx_ll_sdmmc.o
                0x0000000008005eec                SDMMC_GetCmdResp7
 .text.SDMMC_GetCmdError
                0x0000000008005f88       0x58 ./Drivers/STM32F4xx_HAL_Driver/Src/stm32f4xx_ll_sdmmc.o
 .text.MX_FATFS_Init
                0x0000000008005fe0       0x24 ./FATFS/App/fatfs.o
                0x0000000008005fe0                MX_FATFS_Init
 .text.get_fattime
                0x0000000008006004       0x10 ./FATFS/App/fatfs.o
                0x0000000008006004                get_fattime
 .text.BSP_SD_Init
                0x0000000008006014       0x4c ./FATFS/Target/bsp_driver_sd.o
                0x0000000008006014                BSP_SD_Init
 .text.BSP_SD_ReadBlocks_DMA
                0x0000000008006060       0x34 ./FATFS/Target/bsp_driver_sd.o
                0x0000000008006060                BSP_SD_ReadBlocks_DMA
 .text.BSP_SD_WriteBlocks_DMA
                0x0000000008006094       0x34 ./FATFS/Target/bsp_driver_sd.o
                0x0000000008006094                BSP_SD_WriteBlocks_DMA
 .text.BSP_SD_GetCardState
                0x00000000080060c8       0x20 ./FATFS/Target/bsp_driver_sd.o
                0x00000000080060c8                BSP_SD_GetCardState
 .text.BSP_SD_GetCardInfo
                0x00000000080060e8       0x1c ./FATFS/Target/bsp_driver_sd.o
                0x00000000080060e8                BSP_SD_GetCardInfo
 .text.HAL_SD_AbortCallback
                0x0000000008006104       0x14 ./FATFS/Target/bsp_driver_sd.o
                0x0000000008006104                HAL_SD_AbortCallback
 .text.HAL_SD_TxCpltCallback
                0x0000000008006118       0x14 ./FATFS/Target/bsp_driver_sd.o
                0x0000000008006118                HAL_SD_TxCpltCallback
 .text.HAL_SD_RxCpltCallback
                0x000000000800612c       0x14 ./FATFS/Target/bsp_driver_sd.o
                0x000000000800612c                HAL_SD_RxCpltCallback
 .text.BSP_SD_AbortCallback
                0x0000000008006140        0xe ./FATFS/Target/bsp_driver_sd.o
                0x0000000008006140                BSP_SD_AbortCallback
 .text.BSP_SD_IsDetected
                0x000000000800614e       0x24 ./FATFS/Target/bsp_driver_sd.o
                0x000000000800614e                BSP_SD_IsDetected
 *fill*         0x0000000008006172        0x2 
 .text.BSP_PlatformIsDetected
                0x0000000008006174       0x40 ./FATFS/Target/fatfs_platform.o
                0x0000000008006174                BSP_PlatformIsDetected
 .text.SD_CheckStatusWithTimeout
                0x00000000080061b4       0x3a ./FATFS/Target/sd_diskio.o
 *fill*         0x00000000080061ee        0x2 
 .text.SD_CheckStatus
                0x00000000080061f0       0x3c ./FATFS/Target/sd_diskio.o
 .text.SD_initialize
                0x000000000800622c       0x38 ./FATFS/Target/sd_diskio.o
                0x000000000800622c                SD_initialize
 .text.SD_status
                0x0000000008006264       0x1c ./FATFS/Target/sd_diskio.o
                0x0000000008006264                SD_status
 .text.SD_read  0x0000000008006280       0xac ./FATFS/Target/sd_diskio.o
                0x0000000008006280                SD_read
 .text.SD_write
                0x000000000800632c       0xac ./FATFS/Target/sd_diskio.o
                0x000000000800632c                SD_write
 .text.SD_ioctl
                0x00000000080063d8       0xb0 ./FATFS/Target/sd_diskio.o
                0x00000000080063d8                SD_ioctl
 .text.BSP_SD_WriteCpltCallback
                0x0000000008006488       0x18 ./FATFS/Target/sd_diskio.o
                0x0000000008006488                BSP_SD_WriteCpltCallback
 .text.BSP_SD_ReadCpltCallback
                0x00000000080064a0       0x18 ./FATFS/Target/sd_diskio.o
                0x00000000080064a0                BSP_SD_ReadCpltCallback
 .text.disk_status
                0x00000000080064b8       0x34 ./Middlewares/Third_Party/FatFs/src/diskio.o
                0x00000000080064b8                disk_status
 .text.disk_initialize
                0x00000000080064ec       0x4c ./Middlewares/Third_Party/FatFs/src/diskio.o
                0x00000000080064ec                disk_initialize
 .text.disk_read
                0x0000000008006538       0x40 ./Middlewares/Third_Party/FatFs/src/diskio.o
                0x0000000008006538                disk_read
 .text.disk_write
                0x0000000008006578       0x40 ./Middlewares/Third_Party/FatFs/src/diskio.o
                0x0000000008006578                disk_write
 .text.disk_ioctl
                0x00000000080065b8       0x3c ./Middlewares/Third_Party/FatFs/src/diskio.o
                0x00000000080065b8                disk_ioctl
 .text.ld_word  0x00000000080065f4       0x30 ./Middlewares/Third_Party/FatFs/src/ff.o
 .text.ld_dword
                0x0000000008006624       0x46 ./Middlewares/Third_Party/FatFs/src/ff.o
 .text.st_word  0x000000000800666a       0x36 ./Middlewares/Third_Party/FatFs/src/ff.o
 .text.st_dword
                0x00000000080066a0       0x58 ./Middlewares/Third_Party/FatFs/src/ff.o
 .text.mem_cpy  0x00000000080066f8       0x42 ./Middlewares/Third_Party/FatFs/src/ff.o
 .text.mem_set  0x000000000800673a       0x36 ./Middlewares/Third_Party/FatFs/src/ff.o
 .text.mem_cmp  0x0000000008006770       0x4e ./Middlewares/Third_Party/FatFs/src/ff.o
 .text.chk_chr  0x00000000080067be       0x36 ./Middlewares/Third_Party/FatFs/src/ff.o
 .text.chk_lock
                0x00000000080067f4       0xb8 ./Middlewares/Third_Party/FatFs/src/ff.o
 .text.enq_lock
                0x00000000080068ac       0x44 ./Middlewares/Third_Party/FatFs/src/ff.o
 .text.inc_lock
                0x00000000080068f0      0x11c ./Middlewares/Third_Party/FatFs/src/ff.o
 .text.dec_lock
                0x0000000008006a0c       0x78 ./Middlewares/Third_Party/FatFs/src/ff.o
 .text.clear_lock
                0x0000000008006a84       0x48 ./Middlewares/Third_Party/FatFs/src/ff.o
 .text.sync_window
                0x0000000008006acc       0x88 ./Middlewares/Third_Party/FatFs/src/ff.o
 .text.move_window
                0x0000000008006b54       0x5a ./Middlewares/Third_Party/FatFs/src/ff.o
 *fill*         0x0000000008006bae        0x2 
 .text.sync_fs  0x0000000008006bb0       0xe0 ./Middlewares/Third_Party/FatFs/src/ff.o
 .text.clust2sect
                0x0000000008006c90       0x3e ./Middlewares/Third_Party/FatFs/src/ff.o
 .text.get_fat  0x0000000008006cce      0x1a8 ./Middlewares/Third_Party/FatFs/src/ff.o
 .text.put_fat  0x0000000008006e76      0x238 ./Middlewares/Third_Party/FatFs/src/ff.o
 .text.remove_chain
                0x00000000080070ae       0xca ./Middlewares/Third_Party/FatFs/src/ff.o
 .text.create_chain
                0x0000000008007178      0x130 ./Middlewares/Third_Party/FatFs/src/ff.o
 .text.clmt_clust
                0x00000000080072a8       0x70 ./Middlewares/Third_Party/FatFs/src/ff.o
 .text.dir_sdi  0x0000000008007318      0x112 ./Middlewares/Third_Party/FatFs/src/ff.o
 .text.dir_next
                0x000000000800742a      0x1ac ./Middlewares/Third_Party/FatFs/src/ff.o
 .text.dir_alloc
                0x00000000080075d6       0x8e ./Middlewares/Third_Party/FatFs/src/ff.o
 .text.ld_clust
                0x0000000008007664       0x3e ./Middlewares/Third_Party/FatFs/src/ff.o
 .text.st_clust
                0x00000000080076a2       0x40 ./Middlewares/Third_Party/FatFs/src/ff.o
 *fill*         0x00000000080076e2        0x2 
 .text.cmp_lfn  0x00000000080076e4       0xe0 ./Middlewares/Third_Party/FatFs/src/ff.o
 .text.pick_lfn
                0x00000000080077c4       0xc8 ./Middlewares/Third_Party/FatFs/src/ff.o
 .text.put_lfn  0x000000000800788c       0xd0 ./Middlewares/Third_Party/FatFs/src/ff.o
 .text.gen_numname
                0x000000000800795c      0x11c ./Middlewares/Third_Party/FatFs/src/ff.o
 .text.sum_sfn  0x0000000008007a78       0x42 ./Middlewares/Third_Party/FatFs/src/ff.o
 .text.dir_read
                0x0000000008007aba      0x14e ./Middlewares/Third_Party/FatFs/src/ff.o
 .text.dir_find
                0x0000000008007c08      0x180 ./Middlewares/Third_Party/FatFs/src/ff.o
 .text.dir_register
                0x0000000008007d88      0x1f0 ./Middlewares/Third_Party/FatFs/src/ff.o
 .text.get_fileinfo
                0x0000000008007f78      0x1ba ./Middlewares/Third_Party/FatFs/src/ff.o
 *fill*         0x0000000008008132        0x2 
 .text.get_achar
                0x0000000008008134       0x4c ./Middlewares/Third_Party/FatFs/src/ff.o
 .text.pattern_matching
                0x0000000008008180       0xf6 ./Middlewares/Third_Party/FatFs/src/ff.o
 *fill*         0x0000000008008276        0x2 
 .text.create_name
                0x0000000008008278      0x370 ./Middlewares/Third_Party/FatFs/src/ff.o
 .text.follow_path
                0x00000000080085e8       0xec ./Middlewares/Third_Party/FatFs/src/ff.o
 .text.get_ldnumber
                0x00000000080086d4       0x88 ./Middlewares/Third_Party/FatFs/src/ff.o
 .text.check_fs
                0x000000000800875c       0xac ./Middlewares/Third_Party/FatFs/src/ff.o
 .text.find_volume
                0x0000000008008808      0x500 ./Middlewares/Third_Party/FatFs/src/ff.o
 .text.validate
                0x0000000008008d08       0x6a ./Middlewares/Third_Party/FatFs/src/ff.o
 *fill*         0x0000000008008d72        0x2 
 .text.f_mount  0x0000000008008d74       0x8c ./Middlewares/Third_Party/FatFs/src/ff.o
                0x0000000008008d74                f_mount
 .text.f_open   0x0000000008008e00      0x590 ./Middlewares/Third_Party/FatFs/src/ff.o
                0x0000000008008e00                f_open
 .text.f_read   0x0000000008009390      0x2be ./Middlewares/Third_Party/FatFs/src/ff.o
                0x0000000008009390                f_read
 .text.f_sync   0x000000000800964e       0xfc ./Middlewares/Third_Party/FatFs/src/ff.o
                0x000000000800964e                f_sync
 .text.f_close  0x000000000800974a       0x54 ./Middlewares/Third_Party/FatFs/src/ff.o
                0x000000000800974a                f_close
 .text.f_opendir
                0x000000000800979e      0x17a ./Middlewares/Third_Party/FatFs/src/ff.o
                0x000000000800979e                f_opendir
 .text.f_readdir
                0x0000000008009918       0xe6 ./Middlewares/Third_Party/FatFs/src/ff.o
                0x0000000008009918                f_readdir
 .text.f_findnext
                0x00000000080099fe       0x50 ./Middlewares/Third_Party/FatFs/src/ff.o
                0x00000000080099fe                f_findnext
 .text.f_findfirst
                0x0000000008009a4e       0x3c ./Middlewares/Third_Party/FatFs/src/ff.o
                0x0000000008009a4e                f_findfirst
 *fill*         0x0000000008009a8a        0x2 
 .text.FATFS_LinkDriverEx
                0x0000000008009a8c       0x98 ./Middlewares/Third_Party/FatFs/src/ff_gen_drv.o
                0x0000000008009a8c                FATFS_LinkDriverEx
 .text.FATFS_LinkDriver
                0x0000000008009b24       0x1e ./Middlewares/Third_Party/FatFs/src/ff_gen_drv.o
                0x0000000008009b24                FATFS_LinkDriver
 *fill*         0x0000000008009b42        0x2 
 .text.FATFS_UnLinkDriverEx
                0x0000000008009b44       0x70 ./Middlewares/Third_Party/FatFs/src/ff_gen_drv.o
                0x0000000008009b44                FATFS_UnLinkDriverEx
 .text.FATFS_UnLinkDriver
                0x0000000008009bb4       0x1a ./Middlewares/Third_Party/FatFs/src/ff_gen_drv.o
                0x0000000008009bb4                FATFS_UnLinkDriver
 *fill*         0x0000000008009bce        0x2 
 .text.ff_convert
                0x0000000008009bd0       0x78 ./Middlewares/Third_Party/FatFs/src/option/ccsbcs.o
                0x0000000008009bd0                ff_convert
 .text.ff_wtoupper
                0x0000000008009c48      0x114 ./Middlewares/Third_Party/FatFs/src/option/ccsbcs.o
                0x0000000008009c48                ff_wtoupper
 .text.__libc_init_array
                0x0000000008009d5c       0x48 c:/st/stm32cubeide_1.10.1/stm32cubeide/plugins/com.st.stm32cube.ide.mcu.externaltools.gnu-tools-for-stm32.10.3-2021.10.win32_1.0.0.202111181127/tools/bin/../lib/gcc/arm-none-eabi/10.3.1/../../../../arm-none-eabi/lib/thumb/v7e-m+fp/hard\libc_nano.a(lib_a-init.o)
                0x0000000008009d5c                __libc_init_array
 .text.memset   0x0000000008009da4       0x10 c:/st/stm32cubeide_1.10.1/stm32cubeide/plugins/com.st.stm32cube.ide.mcu.externaltools.gnu-tools-for-stm32.10.3-2021.10.win32_1.0.0.202111181127/tools/bin/../lib/gcc/arm-none-eabi/10.3.1/../../../../arm-none-eabi/lib/thumb/v7e-m+fp/hard\libc_nano.a(lib_a-memset.o)
                0x0000000008009da4                memset
 .text.strcat   0x0000000008009db4       0x1e c:/st/stm32cubeide_1.10.1/stm32cubeide/plugins/com.st.stm32cube.ide.mcu.externaltools.gnu-tools-for-stm32.10.3-2021.10.win32_1.0.0.202111181127/tools/bin/../lib/gcc/arm-none-eabi/10.3.1/../../../../arm-none-eabi/lib/thumb/v7e-m+fp/hard\libc_nano.a(lib_a-strcat.o)
                0x0000000008009db4                strcat
 *(.glue_7)
 .glue_7        0x0000000008009dd2        0x0 linker stubs
 *(.glue_7t)
 .glue_7t       0x0000000008009dd2        0x0 linker stubs
 *(.eh_frame)
 *fill*         0x0000000008009dd2        0x2 
 .eh_frame      0x0000000008009dd4        0x0 c:/st/stm32cubeide_1.10.1/stm32cubeide/plugins/com.st.stm32cube.ide.mcu.externaltools.gnu-tools-for-stm32.10.3-2021.10.win32_1.0.0.202111181127/tools/bin/../lib/gcc/arm-none-eabi/10.3.1/thumb/v7e-m+fp/hard/crtbegin.o
 *(.init)
 .init          0x0000000008009dd4        0x4 c:/st/stm32cubeide_1.10.1/stm32cubeide/plugins/com.st.stm32cube.ide.mcu.externaltools.gnu-tools-for-stm32.10.3-2021.10.win32_1.0.0.202111181127/tools/bin/../lib/gcc/arm-none-eabi/10.3.1/thumb/v7e-m+fp/hard/crti.o
                0x0000000008009dd4                _init
 .init          0x0000000008009dd8        0x8 c:/st/stm32cubeide_1.10.1/stm32cubeide/plugins/com.st.stm32cube.ide.mcu.externaltools.gnu-tools-for-stm32.10.3-2021.10.win32_1.0.0.202111181127/tools/bin/../lib/gcc/arm-none-eabi/10.3.1/thumb/v7e-m+fp/hard/crtn.o
 *(.fini)
 .fini          0x0000000008009de0        0x4 c:/st/stm32cubeide_1.10.1/stm32cubeide/plugins/com.st.stm32cube.ide.mcu.externaltools.gnu-tools-for-stm32.10.3-2021.10.win32_1.0.0.202111181127/tools/bin/../lib/gcc/arm-none-eabi/10.3.1/thumb/v7e-m+fp/hard/crti.o
                0x0000000008009de0                _fini
 .fini          0x0000000008009de4        0x8 c:/st/stm32cubeide_1.10.1/stm32cubeide/plugins/com.st.stm32cube.ide.mcu.externaltools.gnu-tools-for-stm32.10.3-2021.10.win32_1.0.0.202111181127/tools/bin/../lib/gcc/arm-none-eabi/10.3.1/thumb/v7e-m+fp/hard/crtn.o
                0x0000000008009dec                . = ALIGN (0x4)
                0x0000000008009dec                _etext = .

.vfp11_veneer   0x0000000008009dec        0x0
 .vfp11_veneer  0x0000000008009dec        0x0 linker stubs

.v4_bx          0x0000000008009dec        0x0
 .v4_bx         0x0000000008009dec        0x0 linker stubs

.iplt           0x0000000008009dec        0x0
 .iplt          0x0000000008009dec        0x0 c:/st/stm32cubeide_1.10.1/stm32cubeide/plugins/com.st.stm32cube.ide.mcu.externaltools.gnu-tools-for-stm32.10.3-2021.10.win32_1.0.0.202111181127/tools/bin/../lib/gcc/arm-none-eabi/10.3.1/thumb/v7e-m+fp/hard/crtbegin.o

.rodata         0x0000000008009dec      0x4d8
                0x0000000008009dec                . = ALIGN (0x4)
 *(.rodata)
 .rodata        0x0000000008009dec        0xa ./Core/Src/bootloaderMain.o
 *fill*         0x0000000008009df6        0x2 
 .rodata        0x0000000008009df8       0x48 ./Middlewares/Third_Party/FatFs/src/ff.o
 *(.rodata*)
 .rodata.directorypath
                0x0000000008009e40       0x10 ./Core/Src/bootloaderMain.o
                0x0000000008009e40                directorypath
 .rodata.AHBPrescTable
                0x0000000008009e50       0x10 ./Core/Src/system_stm32f4xx.o
                0x0000000008009e50                AHBPrescTable
 .rodata.APBPrescTable
                0x0000000008009e60        0x8 ./Core/Src/system_stm32f4xx.o
                0x0000000008009e60                APBPrescTable
 .rodata.flagBitshiftOffset.0
                0x0000000008009e68        0x8 ./Drivers/STM32F4xx_HAL_Driver/Src/stm32f4xx_hal_dma.o
 .rodata.SD_Driver
                0x0000000008009e70       0x14 ./FATFS/Target/sd_diskio.o
                0x0000000008009e70                SD_Driver
 .rodata.ExCvt  0x0000000008009e84       0x80 ./Middlewares/Third_Party/FatFs/src/ff.o
 .rodata.LfnOfs
                0x0000000008009f04        0xd ./Middlewares/Third_Party/FatFs/src/ff.o
 *fill*         0x0000000008009f11        0x3 
 .rodata.Tbl    0x0000000008009f14      0x100 ./Middlewares/Third_Party/FatFs/src/option/ccsbcs.o
 .rodata.cvt1.1
                0x000000000800a014      0x1f2 ./Middlewares/Third_Party/FatFs/src/option/ccsbcs.o
 *fill*         0x000000000800a206        0x2 
 .rodata.cvt2.0
                0x000000000800a208       0xbc ./Middlewares/Third_Party/FatFs/src/option/ccsbcs.o
                0x000000000800a2c4                . = ALIGN (0x4)

.ARM.extab      0x000000000800a2c4        0x0
                0x000000000800a2c4                . = ALIGN (0x4)
 *(.ARM.extab* .gnu.linkonce.armextab.*)
                0x000000000800a2c4                . = ALIGN (0x4)

.ARM            0x000000000800a2c4        0x8
                0x000000000800a2c4                . = ALIGN (0x4)
                0x000000000800a2c4                __exidx_start = .
 *(.ARM.exidx*)
 .ARM.exidx     0x000000000800a2c4        0x8 c:/st/stm32cubeide_1.10.1/stm32cubeide/plugins/com.st.stm32cube.ide.mcu.externaltools.gnu-tools-for-stm32.10.3-2021.10.win32_1.0.0.202111181127/tools/bin/../lib/gcc/arm-none-eabi/10.3.1/thumb/v7e-m+fp/hard\libgcc.a(_udivmoddi4.o)
                0x000000000800a2cc                __exidx_end = .
                0x000000000800a2cc                . = ALIGN (0x4)

.rel.dyn        0x000000000800a2cc        0x0
 .rel.iplt      0x000000000800a2cc        0x0 c:/st/stm32cubeide_1.10.1/stm32cubeide/plugins/com.st.stm32cube.ide.mcu.externaltools.gnu-tools-for-stm32.10.3-2021.10.win32_1.0.0.202111181127/tools/bin/../lib/gcc/arm-none-eabi/10.3.1/thumb/v7e-m+fp/hard/crtbegin.o

.preinit_array  0x000000000800a2cc        0x0
                0x000000000800a2cc                . = ALIGN (0x4)
                0x000000000800a2cc                PROVIDE (__preinit_array_start = .)
 *(.preinit_array*)
                0x000000000800a2cc                PROVIDE (__preinit_array_end = .)
                0x000000000800a2cc                . = ALIGN (0x4)

.init_array     0x000000000800a2cc        0x4
                0x000000000800a2cc                . = ALIGN (0x4)
                0x000000000800a2cc                PROVIDE (__init_array_start = .)
 *(SORT_BY_NAME(.init_array.*))
 *(.init_array*)
 .init_array    0x000000000800a2cc        0x4 c:/st/stm32cubeide_1.10.1/stm32cubeide/plugins/com.st.stm32cube.ide.mcu.externaltools.gnu-tools-for-stm32.10.3-2021.10.win32_1.0.0.202111181127/tools/bin/../lib/gcc/arm-none-eabi/10.3.1/thumb/v7e-m+fp/hard/crtbegin.o
                0x000000000800a2d0                PROVIDE (__init_array_end = .)
                0x000000000800a2d0                . = ALIGN (0x4)

.fini_array     0x000000000800a2d0        0x4
                0x000000000800a2d0                . = ALIGN (0x4)
                [!provide]                        PROVIDE (__fini_array_start = .)
 *(SORT_BY_NAME(.fini_array.*))
 *(.fini_array*)
 .fini_array    0x000000000800a2d0        0x4 c:/st/stm32cubeide_1.10.1/stm32cubeide/plugins/com.st.stm32cube.ide.mcu.externaltools.gnu-tools-for-stm32.10.3-2021.10.win32_1.0.0.202111181127/tools/bin/../lib/gcc/arm-none-eabi/10.3.1/thumb/v7e-m+fp/hard/crtbegin.o
                [!provide]                        PROVIDE (__fini_array_end = .)
                0x000000000800a2d4                . = ALIGN (0x4)
                0x000000000800a2d4                _sidata = LOADADDR (.data)

.data           0x0000000020000000        0xc load address 0x000000000800a2d4
                0x0000000020000000                . = ALIGN (0x4)
                0x0000000020000000                _sdata = .
 *(.data)
 *(.data*)
 .data.SystemCoreClock
                0x0000000020000000        0x4 ./Core/Src/system_stm32f4xx.o
                0x0000000020000000                SystemCoreClock
 .data.uwTickPrio
                0x0000000020000004        0x4 ./Drivers/STM32F4xx_HAL_Driver/Src/stm32f4xx_hal.o
                0x0000000020000004                uwTickPrio
 .data.uwTickFreq
                0x0000000020000008        0x1 ./Drivers/STM32F4xx_HAL_Driver/Src/stm32f4xx_hal.o
                0x0000000020000008                uwTickFreq
 .data.Stat     0x0000000020000009        0x1 ./FATFS/Target/sd_diskio.o
 *(.RamFunc)
 *(.RamFunc*)
                0x000000002000000c                . = ALIGN (0x4)
 *fill*         0x000000002000000a        0x2 
                0x000000002000000c                _edata = .
                0x000000000800a2e0                _siccmram = LOADADDR (.ccmram)

.igot.plt       0x000000002000000c        0x0 load address 0x000000000800a2e0
 .igot.plt      0x000000002000000c        0x0 c:/st/stm32cubeide_1.10.1/stm32cubeide/plugins/com.st.stm32cube.ide.mcu.externaltools.gnu-tools-for-stm32.10.3-2021.10.win32_1.0.0.202111181127/tools/bin/../lib/gcc/arm-none-eabi/10.3.1/thumb/v7e-m+fp/hard/crtbegin.o

.ccmram         0x0000000010000000        0x0 load address 0x000000000800a2e0
                0x0000000010000000                . = ALIGN (0x4)
                0x0000000010000000                _sccmram = .
 *(.ccmram)
 *(.ccmram*)
                0x0000000010000000                . = ALIGN (0x4)
                0x0000000010000000                _eccmram = .
                0x0000000010000000                . = ALIGN (0x4)

.bss            0x000000002000000c    0x12474
                0x000000002000000c                _sbss = .
                0x000000002000000c                __bss_start__ = _sbss
 *(.bss)
 .bss           0x000000002000000c       0x1c c:/st/stm32cubeide_1.10.1/stm32cubeide/plugins/com.st.stm32cube.ide.mcu.externaltools.gnu-tools-for-stm32.10.3-2021.10.win32_1.0.0.202111181127/tools/bin/../lib/gcc/arm-none-eabi/10.3.1/thumb/v7e-m+fp/hard/crtbegin.o
 *(.bss*)
 .bss.hadc1     0x0000000020000028       0x48 ./Core/Src/adc.o
                0x0000000020000028                hadc1
 .bss.fs        0x0000000020000070     0x1038 ./Core/Src/bootloaderMain.o
                0x0000000020000070                fs
 .bss.myFILE    0x00000000200010a8     0x1030 ./Core/Src/bootloaderMain.o
                0x00000000200010a8                myFILE
 .bss.stat      0x00000000200020d8        0x1 ./Core/Src/bootloaderMain.o
                0x00000000200020d8                stat
 *fill*         0x00000000200020d9        0x3 
 .bss.directory
                0x00000000200020dc       0x38 ./Core/Src/bootloaderMain.o
                0x00000000200020dc                directory
 .bss.filinfo   0x0000000020002114      0x118 ./Core/Src/bootloaderMain.o
                0x0000000020002114                filinfo
 .bss.fullfilepath
                0x000000002000222c       0x64 ./Core/Src/bootloaderMain.o
                0x000000002000222c                fullfilepath
 .bss.buffer    0x0000000020002290    0x10000 ./Core/Src/bootloaderMain.o
                0x0000000020002290                buffer
 .bss.hsd       0x0000000020012290       0x84 ./Core/Src/sdio.o
                0x0000000020012290                hsd
 .bss.hdma_sdio_rx
                0x0000000020012314       0x60 ./Core/Src/sdio.o
                0x0000000020012314                hdma_sdio_rx
 .bss.hdma_sdio_tx
                0x0000000020012374       0x60 ./Core/Src/sdio.o
                0x0000000020012374                hdma_sdio_tx
 .bss.huart3    0x00000000200123d4       0x44 ./Core/Src/usart.o
                0x00000000200123d4                huart3
 .bss.uwTick    0x0000000020012418        0x4 ./Drivers/STM32F4xx_HAL_Driver/Src/stm32f4xx_hal.o
                0x0000000020012418                uwTick
 .bss.pFlash    0x000000002001241c       0x20 ./Drivers/STM32F4xx_HAL_Driver/Src/stm32f4xx_hal_flash.o
                0x000000002001241c                pFlash
 .bss.retSD     0x000000002001243c        0x1 ./FATFS/App/fatfs.o
                0x000000002001243c                retSD
 *fill*         0x000000002001243d        0x3 
 .bss.SDPath    0x0000000020012440        0x4 ./FATFS/App/fatfs.o
                0x0000000020012440                SDPath
 .bss.WriteStatus
                0x0000000020012444        0x4 ./FATFS/Target/sd_diskio.o
 .bss.ReadStatus
                0x0000000020012448        0x4 ./FATFS/Target/sd_diskio.o
 .bss.FatFs     0x000000002001244c        0x4 ./Middlewares/Third_Party/FatFs/src/ff.o
 .bss.Fsid      0x0000000020012450        0x2 ./Middlewares/Third_Party/FatFs/src/ff.o
 *fill*         0x0000000020012452        0x2 
 .bss.Files     0x0000000020012454       0x20 ./Middlewares/Third_Party/FatFs/src/ff.o
 .bss.disk      0x0000000020012474        0xc ./Middlewares/Third_Party/FatFs/src/ff_gen_drv.o
                0x0000000020012474                disk
 *(COMMON)
                0x0000000020012480                . = ALIGN (0x4)
                0x0000000020012480                _ebss = .
                0x0000000020012480                __bss_end__ = _ebss

._user_heap_stack
                0x0000000020012480     0x6000
                0x0000000020012480                . = ALIGN (0x8)
                [!provide]                        PROVIDE (end = .)
                0x0000000020012480                PROVIDE (_end = .)
                0x0000000020014480                . = (. + _Min_Heap_Size)
 *fill*         0x0000000020012480     0x2000 
                0x0000000020018480                . = (. + _Min_Stack_Size)
 *fill*         0x0000000020014480     0x4000 
                0x0000000020018480                . = ALIGN (0x8)

/DISCARD/
 libc.a(*)
 libm.a(*)
 libgcc.a(*)

.ARM.attributes
                0x0000000000000000       0x30
 *(.ARM.attributes)
 .ARM.attributes
                0x0000000000000000       0x1e c:/st/stm32cubeide_1.10.1/stm32cubeide/plugins/com.st.stm32cube.ide.mcu.externaltools.gnu-tools-for-stm32.10.3-2021.10.win32_1.0.0.202111181127/tools/bin/../lib/gcc/arm-none-eabi/10.3.1/thumb/v7e-m+fp/hard/crti.o
 .ARM.attributes
                0x000000000000001e       0x34 c:/st/stm32cubeide_1.10.1/stm32cubeide/plugins/com.st.stm32cube.ide.mcu.externaltools.gnu-tools-for-stm32.10.3-2021.10.win32_1.0.0.202111181127/tools/bin/../lib/gcc/arm-none-eabi/10.3.1/thumb/v7e-m+fp/hard/crtbegin.o
 .ARM.attributes
                0x0000000000000052       0x34 ./Core/Src/adc.o
 .ARM.attributes
                0x0000000000000086       0x34 ./Core/Src/bootloaderMain.o
 .ARM.attributes
                0x00000000000000ba       0x34 ./Core/Src/dma.o
 .ARM.attributes
                0x00000000000000ee       0x34 ./Core/Src/gpio.o
 .ARM.attributes
                0x0000000000000122       0x34 ./Core/Src/main.o
 .ARM.attributes
                0x0000000000000156       0x34 ./Core/Src/sdio.o
 .ARM.attributes
                0x000000000000018a       0x34 ./Core/Src/stm32f4xx_hal_msp.o
 .ARM.attributes
                0x00000000000001be       0x34 ./Core/Src/stm32f4xx_it.o
 .ARM.attributes
                0x00000000000001f2       0x34 ./Core/Src/system_stm32f4xx.o
 .ARM.attributes
                0x0000000000000226       0x34 ./Core/Src/usart.o
 .ARM.attributes
                0x000000000000025a       0x21 ./Core/Startup/startup_stm32f405rgtx.o
 .ARM.attributes
                0x000000000000027b       0x34 ./Drivers/STM32F4xx_HAL_Driver/Src/stm32f4xx_hal.o
 .ARM.attributes
                0x00000000000002af       0x34 ./Drivers/STM32F4xx_HAL_Driver/Src/stm32f4xx_hal_adc.o
 .ARM.attributes
                0x00000000000002e3       0x34 ./Drivers/STM32F4xx_HAL_Driver/Src/stm32f4xx_hal_cortex.o
 .ARM.attributes
                0x0000000000000317       0x34 ./Drivers/STM32F4xx_HAL_Driver/Src/stm32f4xx_hal_dma.o
 .ARM.attributes
                0x000000000000034b       0x34 ./Drivers/STM32F4xx_HAL_Driver/Src/stm32f4xx_hal_flash.o
 .ARM.attributes
                0x000000000000037f       0x34 ./Drivers/STM32F4xx_HAL_Driver/Src/stm32f4xx_hal_flash_ex.o
 .ARM.attributes
                0x00000000000003b3       0x34 ./Drivers/STM32F4xx_HAL_Driver/Src/stm32f4xx_hal_gpio.o
 .ARM.attributes
                0x00000000000003e7       0x34 ./Drivers/STM32F4xx_HAL_Driver/Src/stm32f4xx_hal_rcc.o
 .ARM.attributes
                0x000000000000041b       0x34 ./Drivers/STM32F4xx_HAL_Driver/Src/stm32f4xx_hal_rcc_ex.o
 .ARM.attributes
                0x000000000000044f       0x34 ./Drivers/STM32F4xx_HAL_Driver/Src/stm32f4xx_hal_sd.o
 .ARM.attributes
                0x0000000000000483       0x34 ./Drivers/STM32F4xx_HAL_Driver/Src/stm32f4xx_hal_uart.o
 .ARM.attributes
                0x00000000000004b7       0x34 ./Drivers/STM32F4xx_HAL_Driver/Src/stm32f4xx_ll_sdmmc.o
 .ARM.attributes
                0x00000000000004eb       0x34 ./FATFS/App/fatfs.o
 .ARM.attributes
                0x000000000000051f       0x34 ./FATFS/Target/bsp_driver_sd.o
 .ARM.attributes
                0x0000000000000553       0x34 ./FATFS/Target/fatfs_platform.o
 .ARM.attributes
                0x0000000000000587       0x34 ./FATFS/Target/sd_diskio.o
 .ARM.attributes
                0x00000000000005bb       0x34 ./Middlewares/Third_Party/FatFs/src/diskio.o
 .ARM.attributes
                0x00000000000005ef       0x34 ./Middlewares/Third_Party/FatFs/src/ff.o
 .ARM.attributes
                0x0000000000000623       0x34 ./Middlewares/Third_Party/FatFs/src/ff_gen_drv.o
 .ARM.attributes
                0x0000000000000657       0x34 ./Middlewares/Third_Party/FatFs/src/option/ccsbcs.o
 .ARM.attributes
                0x000000000000068b       0x34 c:/st/stm32cubeide_1.10.1/stm32cubeide/plugins/com.st.stm32cube.ide.mcu.externaltools.gnu-tools-for-stm32.10.3-2021.10.win32_1.0.0.202111181127/tools/bin/../lib/gcc/arm-none-eabi/10.3.1/../../../../arm-none-eabi/lib/thumb/v7e-m+fp/hard\libc_nano.a(lib_a-init.o)
 .ARM.attributes
                0x00000000000006bf       0x34 c:/st/stm32cubeide_1.10.1/stm32cubeide/plugins/com.st.stm32cube.ide.mcu.externaltools.gnu-tools-for-stm32.10.3-2021.10.win32_1.0.0.202111181127/tools/bin/../lib/gcc/arm-none-eabi/10.3.1/../../../../arm-none-eabi/lib/thumb/v7e-m+fp/hard\libc_nano.a(lib_a-memset.o)
 .ARM.attributes
                0x00000000000006f3       0x34 c:/st/stm32cubeide_1.10.1/stm32cubeide/plugins/com.st.stm32cube.ide.mcu.externaltools.gnu-tools-for-stm32.10.3-2021.10.win32_1.0.0.202111181127/tools/bin/../lib/gcc/arm-none-eabi/10.3.1/../../../../arm-none-eabi/lib/thumb/v7e-m+fp/hard\libc_nano.a(lib_a-strcat.o)
 .ARM.attributes
                0x0000000000000727       0x17 c:/st/stm32cubeide_1.10.1/stm32cubeide/plugins/com.st.stm32cube.ide.mcu.externaltools.gnu-tools-for-stm32.10.3-2021.10.win32_1.0.0.202111181127/tools/bin/../lib/gcc/arm-none-eabi/10.3.1/../../../../arm-none-eabi/lib/thumb/v7e-m+fp/hard\libc_nano.a(lib_a-strlen.o)
 .ARM.attributes
                0x000000000000073e       0x1e c:/st/stm32cubeide_1.10.1/stm32cubeide/plugins/com.st.stm32cube.ide.mcu.externaltools.gnu-tools-for-stm32.10.3-2021.10.win32_1.0.0.202111181127/tools/bin/../lib/gcc/arm-none-eabi/10.3.1/thumb/v7e-m+fp/hard\libgcc.a(_aeabi_uldivmod.o)
 .ARM.attributes
                0x000000000000075c       0x34 c:/st/stm32cubeide_1.10.1/stm32cubeide/plugins/com.st.stm32cube.ide.mcu.externaltools.gnu-tools-for-stm32.10.3-2021.10.win32_1.0.0.202111181127/tools/bin/../lib/gcc/arm-none-eabi/10.3.1/thumb/v7e-m+fp/hard\libgcc.a(_udivmoddi4.o)
 .ARM.attributes
                0x0000000000000790       0x1e c:/st/stm32cubeide_1.10.1/stm32cubeide/plugins/com.st.stm32cube.ide.mcu.externaltools.gnu-tools-for-stm32.10.3-2021.10.win32_1.0.0.202111181127/tools/bin/../lib/gcc/arm-none-eabi/10.3.1/thumb/v7e-m+fp/hard\libgcc.a(_dvmd_tls.o)
 .ARM.attributes
                0x00000000000007ae       0x1e c:/st/stm32cubeide_1.10.1/stm32cubeide/plugins/com.st.stm32cube.ide.mcu.externaltools.gnu-tools-for-stm32.10.3-2021.10.win32_1.0.0.202111181127/tools/bin/../lib/gcc/arm-none-eabi/10.3.1/thumb/v7e-m+fp/hard/crtn.o
OUTPUT(SDcardBootloader.elf elf32-littlearm)
LOAD linker stubs
LOAD c:/st/stm32cubeide_1.10.1/stm32cubeide/plugins/com.st.stm32cube.ide.mcu.externaltools.gnu-tools-for-stm32.10.3-2021.10.win32_1.0.0.202111181127/tools/bin/../lib/gcc/arm-none-eabi/10.3.1/../../../../arm-none-eabi/lib/thumb/v7e-m+fp/hard\libc.a
LOAD c:/st/stm32cubeide_1.10.1/stm32cubeide/plugins/com.st.stm32cube.ide.mcu.externaltools.gnu-tools-for-stm32.10.3-2021.10.win32_1.0.0.202111181127/tools/bin/../lib/gcc/arm-none-eabi/10.3.1/../../../../arm-none-eabi/lib/thumb/v7e-m+fp/hard\libm.a
LOAD c:/st/stm32cubeide_1.10.1/stm32cubeide/plugins/com.st.stm32cube.ide.mcu.externaltools.gnu-tools-for-stm32.10.3-2021.10.win32_1.0.0.202111181127/tools/bin/../lib/gcc/arm-none-eabi/10.3.1/thumb/v7e-m+fp/hard\libgcc.a

.debug_info     0x0000000000000000    0x1564a
 .debug_info    0x0000000000000000      0xa29 ./Core/Src/adc.o
 .debug_info    0x0000000000000a29     0x182f ./Core/Src/bootloaderMain.o
 .debug_info    0x0000000000002258      0x4da ./Core/Src/dma.o
 .debug_info    0x0000000000002732      0x48e ./Core/Src/gpio.o
 .debug_info    0x0000000000002bc0      0x5df ./Core/Src/main.o
 .debug_info    0x000000000000319f      0xd83 ./Core/Src/sdio.o
 .debug_info    0x0000000000003f22      0x2a8 ./Core/Src/stm32f4xx_hal_msp.o
 .debug_info    0x00000000000041ca      0x7d5 ./Core/Src/stm32f4xx_it.o
 .debug_info    0x000000000000499f      0x523 ./Core/Src/system_stm32f4xx.o
 .debug_info    0x0000000000004ec2      0x9a0 ./Core/Src/usart.o
 .debug_info    0x0000000000005862       0x22 ./Core/Startup/startup_stm32f405rgtx.o
 .debug_info    0x0000000000005884      0x96a ./Drivers/STM32F4xx_HAL_Driver/Src/stm32f4xx_hal.o
 .debug_info    0x00000000000061ee      0xd70 ./Drivers/STM32F4xx_HAL_Driver/Src/stm32f4xx_hal_adc.o
 .debug_info    0x0000000000006f5e      0xe09 ./Drivers/STM32F4xx_HAL_Driver/Src/stm32f4xx_hal_cortex.o
 .debug_info    0x0000000000007d67      0x94f ./Drivers/STM32F4xx_HAL_Driver/Src/stm32f4xx_hal_dma.o
 .debug_info    0x00000000000086b6      0x5d2 ./Drivers/STM32F4xx_HAL_Driver/Src/stm32f4xx_hal_flash.o
 .debug_info    0x0000000000008c88      0x6cc ./Drivers/STM32F4xx_HAL_Driver/Src/stm32f4xx_hal_flash_ex.o
 .debug_info    0x0000000000009354      0x76a ./Drivers/STM32F4xx_HAL_Driver/Src/stm32f4xx_hal_gpio.o
 .debug_info    0x0000000000009abe      0x966 ./Drivers/STM32F4xx_HAL_Driver/Src/stm32f4xx_hal_rcc.o
 .debug_info    0x000000000000a424      0x569 ./Drivers/STM32F4xx_HAL_Driver/Src/stm32f4xx_hal_rcc_ex.o
 .debug_info    0x000000000000a98d     0x1d34 ./Drivers/STM32F4xx_HAL_Driver/Src/stm32f4xx_hal_sd.o
 .debug_info    0x000000000000c6c1     0x31bc ./Drivers/STM32F4xx_HAL_Driver/Src/stm32f4xx_hal_uart.o
 .debug_info    0x000000000000f87d     0x11dd ./Drivers/STM32F4xx_HAL_Driver/Src/stm32f4xx_ll_sdmmc.o
 .debug_info    0x0000000000010a5a      0x526 ./FATFS/App/fatfs.o
 .debug_info    0x0000000000010f80      0xb61 ./FATFS/Target/bsp_driver_sd.o
 .debug_info    0x0000000000011ae1      0x1dd ./FATFS/Target/fatfs_platform.o
 .debug_info    0x0000000000011cbe      0x59e ./FATFS/Target/sd_diskio.o
 .debug_info    0x000000000001225c      0x412 ./Middlewares/Third_Party/FatFs/src/diskio.o
 .debug_info    0x000000000001266e     0x2a6d ./Middlewares/Third_Party/FatFs/src/ff.o
 .debug_info    0x00000000000150db      0x3a9 ./Middlewares/Third_Party/FatFs/src/ff_gen_drv.o
 .debug_info    0x0000000000015484      0x1c6 ./Middlewares/Third_Party/FatFs/src/option/ccsbcs.o

.debug_abbrev   0x0000000000000000     0x3a24
 .debug_abbrev  0x0000000000000000      0x1e0 ./Core/Src/adc.o
 .debug_abbrev  0x00000000000001e0      0x2e0 ./Core/Src/bootloaderMain.o
 .debug_abbrev  0x00000000000004c0      0x10a ./Core/Src/dma.o
 .debug_abbrev  0x00000000000005ca      0x146 ./Core/Src/gpio.o
 .debug_abbrev  0x0000000000000710      0x217 ./Core/Src/main.o
 .debug_abbrev  0x0000000000000927      0x218 ./Core/Src/sdio.o
 .debug_abbrev  0x0000000000000b3f       0xd4 ./Core/Src/stm32f4xx_hal_msp.o
 .debug_abbrev  0x0000000000000c13      0x19c ./Core/Src/stm32f4xx_it.o
 .debug_abbrev  0x0000000000000daf      0x116 ./Core/Src/system_stm32f4xx.o
 .debug_abbrev  0x0000000000000ec5      0x1e7 ./Core/Src/usart.o
 .debug_abbrev  0x00000000000010ac       0x12 ./Core/Startup/startup_stm32f405rgtx.o
 .debug_abbrev  0x00000000000010be      0x20d ./Drivers/STM32F4xx_HAL_Driver/Src/stm32f4xx_hal.o
 .debug_abbrev  0x00000000000012cb      0x244 ./Drivers/STM32F4xx_HAL_Driver/Src/stm32f4xx_hal_adc.o
 .debug_abbrev  0x000000000000150f      0x316 ./Drivers/STM32F4xx_HAL_Driver/Src/stm32f4xx_hal_cortex.o
 .debug_abbrev  0x0000000000001825      0x25b ./Drivers/STM32F4xx_HAL_Driver/Src/stm32f4xx_hal_dma.o
 .debug_abbrev  0x0000000000001a80      0x281 ./Drivers/STM32F4xx_HAL_Driver/Src/stm32f4xx_hal_flash.o
 .debug_abbrev  0x0000000000001d01      0x240 ./Drivers/STM32F4xx_HAL_Driver/Src/stm32f4xx_hal_flash_ex.o
 .debug_abbrev  0x0000000000001f41      0x1c4 ./Drivers/STM32F4xx_HAL_Driver/Src/stm32f4xx_hal_gpio.o
 .debug_abbrev  0x0000000000002105      0x2aa ./Drivers/STM32F4xx_HAL_Driver/Src/stm32f4xx_hal_rcc.o
 .debug_abbrev  0x00000000000023af      0x1a8 ./Drivers/STM32F4xx_HAL_Driver/Src/stm32f4xx_hal_rcc_ex.o
 .debug_abbrev  0x0000000000002557      0x288 ./Drivers/STM32F4xx_HAL_Driver/Src/stm32f4xx_hal_sd.o
 .debug_abbrev  0x00000000000027df      0x2f4 ./Drivers/STM32F4xx_HAL_Driver/Src/stm32f4xx_hal_uart.o
 .debug_abbrev  0x0000000000002ad3      0x1ce ./Drivers/STM32F4xx_HAL_Driver/Src/stm32f4xx_ll_sdmmc.o
 .debug_abbrev  0x0000000000002ca1      0x15a ./FATFS/App/fatfs.o
 .debug_abbrev  0x0000000000002dfb      0x2aa ./FATFS/Target/bsp_driver_sd.o
 .debug_abbrev  0x00000000000030a5      0x105 ./FATFS/Target/fatfs_platform.o
 .debug_abbrev  0x00000000000031aa      0x21f ./FATFS/Target/sd_diskio.o
 .debug_abbrev  0x00000000000033c9      0x178 ./Middlewares/Third_Party/FatFs/src/diskio.o
 .debug_abbrev  0x0000000000003541      0x271 ./Middlewares/Third_Party/FatFs/src/ff.o
 .debug_abbrev  0x00000000000037b2      0x196 ./Middlewares/Third_Party/FatFs/src/ff_gen_drv.o
 .debug_abbrev  0x0000000000003948       0xdc ./Middlewares/Third_Party/FatFs/src/option/ccsbcs.o

.debug_aranges  0x0000000000000000     0x1170
 .debug_aranges
                0x0000000000000000       0x30 ./Core/Src/adc.o
 .debug_aranges
                0x0000000000000030       0x70 ./Core/Src/bootloaderMain.o
 .debug_aranges
                0x00000000000000a0       0x20 ./Core/Src/dma.o
 .debug_aranges
                0x00000000000000c0       0x20 ./Core/Src/gpio.o
 .debug_aranges
                0x00000000000000e0       0x30 ./Core/Src/main.o
 .debug_aranges
                0x0000000000000110       0x30 ./Core/Src/sdio.o
 .debug_aranges
                0x0000000000000140       0x20 ./Core/Src/stm32f4xx_hal_msp.o
 .debug_aranges
                0x0000000000000160       0x78 ./Core/Src/stm32f4xx_it.o
 .debug_aranges
                0x00000000000001d8       0x28 ./Core/Src/system_stm32f4xx.o
 .debug_aranges
                0x0000000000000200       0x30 ./Core/Src/usart.o
 .debug_aranges
                0x0000000000000230       0x28 ./Core/Startup/startup_stm32f405rgtx.o
 .debug_aranges
                0x0000000000000258       0xf0 ./Drivers/STM32F4xx_HAL_Driver/Src/stm32f4xx_hal.o
 .debug_aranges
                0x0000000000000348       0xe8 ./Drivers/STM32F4xx_HAL_Driver/Src/stm32f4xx_hal_adc.o
 .debug_aranges
                0x0000000000000430      0x118 ./Drivers/STM32F4xx_HAL_Driver/Src/stm32f4xx_hal_cortex.o
 .debug_aranges
                0x0000000000000548       0x90 ./Drivers/STM32F4xx_HAL_Driver/Src/stm32f4xx_hal_dma.o
 .debug_aranges
                0x00000000000005d8       0xa0 ./Drivers/STM32F4xx_HAL_Driver/Src/stm32f4xx_hal_flash.o
 .debug_aranges
                0x0000000000000678       0x98 ./Drivers/STM32F4xx_HAL_Driver/Src/stm32f4xx_hal_flash_ex.o
 .debug_aranges
                0x0000000000000710       0x58 ./Drivers/STM32F4xx_HAL_Driver/Src/stm32f4xx_hal_gpio.o
 .debug_aranges
                0x0000000000000768       0x88 ./Drivers/STM32F4xx_HAL_Driver/Src/stm32f4xx_hal_rcc.o
 .debug_aranges
                0x00000000000007f0       0x48 ./Drivers/STM32F4xx_HAL_Driver/Src/stm32f4xx_hal_rcc_ex.o
 .debug_aranges
                0x0000000000000838      0x168 ./Drivers/STM32F4xx_HAL_Driver/Src/stm32f4xx_hal_sd.o
 .debug_aranges
                0x00000000000009a0      0x200 ./Drivers/STM32F4xx_HAL_Driver/Src/stm32f4xx_hal_uart.o
 .debug_aranges
                0x0000000000000ba0      0x188 ./Drivers/STM32F4xx_HAL_Driver/Src/stm32f4xx_ll_sdmmc.o
 .debug_aranges
                0x0000000000000d28       0x28 ./FATFS/App/fatfs.o
 .debug_aranges
                0x0000000000000d50       0xa0 ./FATFS/Target/bsp_driver_sd.o
 .debug_aranges
                0x0000000000000df0       0x20 ./FATFS/Target/fatfs_platform.o
 .debug_aranges
                0x0000000000000e10       0x60 ./FATFS/Target/sd_diskio.o
 .debug_aranges
                0x0000000000000e70       0x48 ./Middlewares/Third_Party/FatFs/src/diskio.o
 .debug_aranges
                0x0000000000000eb8      0x250 ./Middlewares/Third_Party/FatFs/src/ff.o
 .debug_aranges
                0x0000000000001108       0x40 ./Middlewares/Third_Party/FatFs/src/ff_gen_drv.o
 .debug_aranges
                0x0000000000001148       0x28 ./Middlewares/Third_Party/FatFs/src/option/ccsbcs.o

.debug_ranges   0x0000000000000000      0xfb8
 .debug_ranges  0x0000000000000000       0x20 ./Core/Src/adc.o
 .debug_ranges  0x0000000000000020       0x60 ./Core/Src/bootloaderMain.o
 .debug_ranges  0x0000000000000080       0x10 ./Core/Src/dma.o
 .debug_ranges  0x0000000000000090       0x10 ./Core/Src/gpio.o
 .debug_ranges  0x00000000000000a0       0x20 ./Core/Src/main.o
 .debug_ranges  0x00000000000000c0       0x20 ./Core/Src/sdio.o
 .debug_ranges  0x00000000000000e0       0x10 ./Core/Src/stm32f4xx_hal_msp.o
 .debug_ranges  0x00000000000000f0       0x68 ./Core/Src/stm32f4xx_it.o
 .debug_ranges  0x0000000000000158       0x18 ./Core/Src/system_stm32f4xx.o
 .debug_ranges  0x0000000000000170       0x20 ./Core/Src/usart.o
 .debug_ranges  0x0000000000000190       0x20 ./Core/Startup/startup_stm32f405rgtx.o
 .debug_ranges  0x00000000000001b0       0xe0 ./Drivers/STM32F4xx_HAL_Driver/Src/stm32f4xx_hal.o
 .debug_ranges  0x0000000000000290       0xd8 ./Drivers/STM32F4xx_HAL_Driver/Src/stm32f4xx_hal_adc.o
 .debug_ranges  0x0000000000000368      0x108 ./Drivers/STM32F4xx_HAL_Driver/Src/stm32f4xx_hal_cortex.o
 .debug_ranges  0x0000000000000470       0x80 ./Drivers/STM32F4xx_HAL_Driver/Src/stm32f4xx_hal_dma.o
 .debug_ranges  0x00000000000004f0       0x90 ./Drivers/STM32F4xx_HAL_Driver/Src/stm32f4xx_hal_flash.o
 .debug_ranges  0x0000000000000580       0x88 ./Drivers/STM32F4xx_HAL_Driver/Src/stm32f4xx_hal_flash_ex.o
 .debug_ranges  0x0000000000000608       0x48 ./Drivers/STM32F4xx_HAL_Driver/Src/stm32f4xx_hal_gpio.o
 .debug_ranges  0x0000000000000650       0x78 ./Drivers/STM32F4xx_HAL_Driver/Src/stm32f4xx_hal_rcc.o
 .debug_ranges  0x00000000000006c8       0x38 ./Drivers/STM32F4xx_HAL_Driver/Src/stm32f4xx_hal_rcc_ex.o
 .debug_ranges  0x0000000000000700      0x158 ./Drivers/STM32F4xx_HAL_Driver/Src/stm32f4xx_hal_sd.o
 .debug_ranges  0x0000000000000858      0x220 ./Drivers/STM32F4xx_HAL_Driver/Src/stm32f4xx_hal_uart.o
 .debug_ranges  0x0000000000000a78      0x178 ./Drivers/STM32F4xx_HAL_Driver/Src/stm32f4xx_ll_sdmmc.o
 .debug_ranges  0x0000000000000bf0       0x18 ./FATFS/App/fatfs.o
 .debug_ranges  0x0000000000000c08       0x90 ./FATFS/Target/bsp_driver_sd.o
 .debug_ranges  0x0000000000000c98       0x10 ./FATFS/Target/fatfs_platform.o
 .debug_ranges  0x0000000000000ca8       0x50 ./FATFS/Target/sd_diskio.o
 .debug_ranges  0x0000000000000cf8       0x38 ./Middlewares/Third_Party/FatFs/src/diskio.o
 .debug_ranges  0x0000000000000d30      0x240 ./Middlewares/Third_Party/FatFs/src/ff.o
 .debug_ranges  0x0000000000000f70       0x30 ./Middlewares/Third_Party/FatFs/src/ff_gen_drv.o
 .debug_ranges  0x0000000000000fa0       0x18 ./Middlewares/Third_Party/FatFs/src/option/ccsbcs.o

.debug_macro    0x0000000000000000    0x2377f
 .debug_macro   0x0000000000000000      0x214 ./Core/Src/adc.o
 .debug_macro   0x0000000000000214      0xa78 ./Core/Src/adc.o
 .debug_macro   0x0000000000000c8c      0x2a1 ./Core/Src/adc.o
 .debug_macro   0x0000000000000f2d       0x2e ./Core/Src/adc.o
 .debug_macro   0x0000000000000f5b       0x2f ./Core/Src/adc.o
 .debug_macro   0x0000000000000f8a       0x22 ./Core/Src/adc.o
 .debug_macro   0x0000000000000fac       0x8e ./Core/Src/adc.o
 .debug_macro   0x000000000000103a       0x51 ./Core/Src/adc.o
 .debug_macro   0x000000000000108b      0x103 ./Core/Src/adc.o
 .debug_macro   0x000000000000118e       0x6a ./Core/Src/adc.o
 .debug_macro   0x00000000000011f8      0x1df ./Core/Src/adc.o
 .debug_macro   0x00000000000013d7       0x1c ./Core/Src/adc.o
 .debug_macro   0x00000000000013f3       0x22 ./Core/Src/adc.o
 .debug_macro   0x0000000000001415       0xd9 ./Core/Src/adc.o
 .debug_macro   0x00000000000014ee     0x102d ./Core/Src/adc.o
 .debug_macro   0x000000000000251b      0x11f ./Core/Src/adc.o
 .debug_macro   0x000000000000263a    0x1426d ./Core/Src/adc.o
 .debug_macro   0x00000000000168a7       0x6d ./Core/Src/adc.o
 .debug_macro   0x0000000000016914     0x367e ./Core/Src/adc.o
 .debug_macro   0x0000000000019f92      0x174 ./Core/Src/adc.o
 .debug_macro   0x000000000001a106       0x5c ./Core/Src/adc.o
 .debug_macro   0x000000000001a162      0x8a7 ./Core/Src/adc.o
 .debug_macro   0x000000000001aa09      0x9fe ./Core/Src/adc.o
 .debug_macro   0x000000000001b407      0x115 ./Core/Src/adc.o
 .debug_macro   0x000000000001b51c      0x130 ./Core/Src/adc.o
 .debug_macro   0x000000000001b64c       0xa5 ./Core/Src/adc.o
 .debug_macro   0x000000000001b6f1      0x174 ./Core/Src/adc.o
 .debug_macro   0x000000000001b865      0x287 ./Core/Src/adc.o
 .debug_macro   0x000000000001baec       0x5f ./Core/Src/adc.o
 .debug_macro   0x000000000001bb4b      0x236 ./Core/Src/adc.o
 .debug_macro   0x000000000001bd81      0xb5b ./Core/Src/adc.o
 .debug_macro   0x000000000001c8dc      0x38b ./Core/Src/adc.o
 .debug_macro   0x000000000001cc67      0x176 ./Core/Src/adc.o
 .debug_macro   0x000000000001cddd       0xf9 ./Core/Src/adc.o
 .debug_macro   0x000000000001ced6      0x12c ./Core/Src/adc.o
 .debug_macro   0x000000000001d002      0x21e ./Core/Src/adc.o
 .debug_macro   0x000000000001d220       0x2e ./Core/Src/adc.o
 .debug_macro   0x000000000001d24e      0x11a ./Core/Src/adc.o
 .debug_macro   0x000000000001d368       0x7e ./Core/Src/adc.o
 .debug_macro   0x000000000001d3e6       0x89 ./Core/Src/adc.o
 .debug_macro   0x000000000001d46f      0x861 ./Core/Src/adc.o
 .debug_macro   0x000000000001dcd0      0x1d5 ./Core/Src/adc.o
 .debug_macro   0x000000000001dea5      0x295 ./Core/Src/adc.o
 .debug_macro   0x000000000001e13a      0x12d ./Core/Src/adc.o
 .debug_macro   0x000000000001e267       0x34 ./Core/Src/adc.o
 .debug_macro   0x000000000001e29b      0x3af ./Core/Src/bootloaderMain.o
 .debug_macro   0x000000000001e64a       0x1c ./Core/Src/bootloaderMain.o
 .debug_macro   0x000000000001e666       0x34 ./Core/Src/bootloaderMain.o
 .debug_macro   0x000000000001e69a       0xe5 ./Core/Src/bootloaderMain.o
 .debug_macro   0x000000000001e77f       0x1e ./Core/Src/bootloaderMain.o
 .debug_macro   0x000000000001e79d       0x52 ./Core/Src/bootloaderMain.o
 .debug_macro   0x000000000001e7ef       0x3c ./Core/Src/bootloaderMain.o
 .debug_macro   0x000000000001e82b       0x34 ./Core/Src/bootloaderMain.o
 .debug_macro   0x000000000001e85f       0x16 ./Core/Src/bootloaderMain.o
 .debug_macro   0x000000000001e875       0x35 ./Core/Src/bootloaderMain.o
 .debug_macro   0x000000000001e8aa       0x16 ./Core/Src/bootloaderMain.o
 .debug_macro   0x000000000001e8c0       0x43 ./Core/Src/bootloaderMain.o
 .debug_macro   0x000000000001e903       0x34 ./Core/Src/bootloaderMain.o
 .debug_macro   0x000000000001e937       0x10 ./Core/Src/bootloaderMain.o
 .debug_macro   0x000000000001e947       0x58 ./Core/Src/bootloaderMain.o
 .debug_macro   0x000000000001e99f       0x71 ./Core/Src/bootloaderMain.o
 .debug_macro   0x000000000001ea10       0x1c ./Core/Src/bootloaderMain.o
 .debug_macro   0x000000000001ea2c      0x12a ./Core/Src/bootloaderMain.o
 .debug_macro   0x000000000001eb56      0x341 ./Core/Src/bootloaderMain.o
 .debug_macro   0x000000000001ee97       0x16 ./Core/Src/bootloaderMain.o
 .debug_macro   0x000000000001eead       0x29 ./Core/Src/bootloaderMain.o
 .debug_macro   0x000000000001eed6       0x12 ./Core/Src/bootloaderMain.o
 .debug_macro   0x000000000001eee8       0xe2 ./Core/Src/bootloaderMain.o
 .debug_macro   0x000000000001efca       0x8e ./Core/Src/bootloaderMain.o
 .debug_macro   0x000000000001f058       0x16 ./Core/Src/bootloaderMain.o
 .debug_macro   0x000000000001f06e       0x20 ./Core/Src/bootloaderMain.o
 .debug_macro   0x000000000001f08e      0x214 ./Core/Src/dma.o
 .debug_macro   0x000000000001f2a2      0x214 ./Core/Src/gpio.o
 .debug_macro   0x000000000001f4b6      0x386 ./Core/Src/main.o
 .debug_macro   0x000000000001f83c       0x10 ./Core/Src/main.o
 .debug_macro   0x000000000001f84c      0x214 ./Core/Src/sdio.o
 .debug_macro   0x000000000001fa60      0x20a ./Core/Src/stm32f4xx_hal_msp.o
 .debug_macro   0x000000000001fc6a      0x214 ./Core/Src/stm32f4xx_it.o
 .debug_macro   0x000000000001fe7e      0x1fb ./Core/Src/system_stm32f4xx.o
 .debug_macro   0x0000000000020079      0x214 ./Core/Src/usart.o
 .debug_macro   0x000000000002028d      0x25b ./Drivers/STM32F4xx_HAL_Driver/Src/stm32f4xx_hal.o
 .debug_macro   0x00000000000204e8      0x1fc ./Drivers/STM32F4xx_HAL_Driver/Src/stm32f4xx_hal_adc.o
 .debug_macro   0x00000000000206e4      0x1fb ./Drivers/STM32F4xx_HAL_Driver/Src/stm32f4xx_hal_cortex.o
 .debug_macro   0x00000000000208df      0x201 ./Drivers/STM32F4xx_HAL_Driver/Src/stm32f4xx_hal_dma.o
 .debug_macro   0x0000000000020ae0      0x201 ./Drivers/STM32F4xx_HAL_Driver/Src/stm32f4xx_hal_flash.o
 .debug_macro   0x0000000000020ce1      0x201 ./Drivers/STM32F4xx_HAL_Driver/Src/stm32f4xx_hal_flash_ex.o
 .debug_macro   0x0000000000020ee2      0x201 ./Drivers/STM32F4xx_HAL_Driver/Src/stm32f4xx_hal_gpio.o
 .debug_macro   0x00000000000210e3      0x21f ./Drivers/STM32F4xx_HAL_Driver/Src/stm32f4xx_hal_rcc.o
 .debug_macro   0x0000000000021302      0x1fb ./Drivers/STM32F4xx_HAL_Driver/Src/stm32f4xx_hal_rcc_ex.o
 .debug_macro   0x00000000000214fd      0x1fc ./Drivers/STM32F4xx_HAL_Driver/Src/stm32f4xx_hal_sd.o
 .debug_macro   0x00000000000216f9      0x1fc ./Drivers/STM32F4xx_HAL_Driver/Src/stm32f4xx_hal_uart.o
 .debug_macro   0x00000000000218f5      0x1fc ./Drivers/STM32F4xx_HAL_Driver/Src/stm32f4xx_ll_sdmmc.o
 .debug_macro   0x0000000000021af1      0x347 ./FATFS/App/fatfs.o
 .debug_macro   0x0000000000021e38      0x213 ./FATFS/Target/bsp_driver_sd.o
 .debug_macro   0x000000000002204b      0x204 ./FATFS/Target/fatfs_platform.o
 .debug_macro   0x000000000002224f      0x37a ./FATFS/Target/sd_diskio.o
 .debug_macro   0x00000000000225c9       0x16 ./FATFS/Target/sd_diskio.o
 .debug_macro   0x00000000000225df       0x7c ./FATFS/Target/sd_diskio.o
 .debug_macro   0x000000000002265b      0x334 ./Middlewares/Third_Party/FatFs/src/diskio.o
 .debug_macro   0x000000000002298f      0x742 ./Middlewares/Third_Party/FatFs/src/ff.o
 .debug_macro   0x00000000000230d1       0x58 ./Middlewares/Third_Party/FatFs/src/ff.o
 .debug_macro   0x0000000000023129      0x334 ./Middlewares/Third_Party/FatFs/src/ff_gen_drv.o
 .debug_macro   0x000000000002345d      0x322 ./Middlewares/Third_Party/FatFs/src/option/ccsbcs.o

.debug_line     0x0000000000000000    0x1997b
 .debug_line    0x0000000000000000      0x77f ./Core/Src/adc.o
 .debug_line    0x000000000000077f      0xbbf ./Core/Src/bootloaderMain.o
 .debug_line    0x000000000000133e      0x6fd ./Core/Src/dma.o
 .debug_line    0x0000000000001a3b      0x71a ./Core/Src/gpio.o
 .debug_line    0x0000000000002155      0x9e1 ./Core/Src/main.o
 .debug_line    0x0000000000002b36      0x7e4 ./Core/Src/sdio.o
 .debug_line    0x000000000000331a      0x6ff ./Core/Src/stm32f4xx_hal_msp.o
 .debug_line    0x0000000000003a19      0x80a ./Core/Src/stm32f4xx_it.o
 .debug_line    0x0000000000004223      0x781 ./Core/Src/system_stm32f4xx.o
 .debug_line    0x00000000000049a4      0x769 ./Core/Src/usart.o
 .debug_line    0x000000000000510d       0x88 ./Core/Startup/startup_stm32f405rgtx.o
 .debug_line    0x0000000000005195      0x9e7 ./Drivers/STM32F4xx_HAL_Driver/Src/stm32f4xx_hal.o
 .debug_line    0x0000000000005b7c     0x125d ./Drivers/STM32F4xx_HAL_Driver/Src/stm32f4xx_hal_adc.o
 .debug_line    0x0000000000006dd9      0xc96 ./Drivers/STM32F4xx_HAL_Driver/Src/stm32f4xx_hal_cortex.o
 .debug_line    0x0000000000007a6f      0xf4b ./Drivers/STM32F4xx_HAL_Driver/Src/stm32f4xx_hal_dma.o
 .debug_line    0x00000000000089ba      0xa6f ./Drivers/STM32F4xx_HAL_Driver/Src/stm32f4xx_hal_flash.o
 .debug_line    0x0000000000009429      0xa95 ./Drivers/STM32F4xx_HAL_Driver/Src/stm32f4xx_hal_flash_ex.o
 .debug_line    0x0000000000009ebe      0xb5b ./Drivers/STM32F4xx_HAL_Driver/Src/stm32f4xx_hal_gpio.o
 .debug_line    0x000000000000aa19      0xd61 ./Drivers/STM32F4xx_HAL_Driver/Src/stm32f4xx_hal_rcc.o
 .debug_line    0x000000000000b77a      0x9fd ./Drivers/STM32F4xx_HAL_Driver/Src/stm32f4xx_hal_rcc_ex.o