../Core/Src/bootloaderMain.c:47:21:isthereSDcard	8	static
../Core/Src/bootloaderMain.c:56:21:isThereFirmwarefile	8	static
../Core/Src/bootloaderMain.c:74:21:isSDcardMounted	8	static
../Core/Src/bootloaderMain.c:99:21:isthereafirmwarefolder	16	static
../Core/Src/bootloaderMain.c:106:21:isthereafirmwarefile	8	static
../Core/Src/bootloaderMain.c:116:21:doFlashandSDfirmwarecontentsMatch	24	static
../Core/Src/bootloaderMain.c:141:21:compareRAMbufferwithFlashcontents	32	static
../Core/Src/bootloaderMain.c:150:21:eraseFLASHappSpace	40	static
../Core/Src/bootloaderMain.c:168:21:programfromRAMtoFLASH	24	static
../Core/Src/bootloaderMain.c:177:6:deinitEverything	8	static
../Core/Src/bootloaderMain.c:190:6:jumpToApp	16	static,ignoring_inline_asm
