../Core/Src/bootloaderMain.c:45:21:isthereSDcard	8	static
../Core/Src/bootloaderMain.c:54:21:isThereFirmwarefile	8	static
../Core/Src/bootloaderMain.c:72:21:isSDcardMounted	8	static
../Core/Src/bootloaderMain.c:97:21:isthereafirmwarefolder	16	static
../Core/Src/bootloaderMain.c:104:21:isthereafirmwarefile	8	static
../Core/Src/bootloaderMain.c:114:21:doFlashandSDfirmwarecontentsMatch	24	static
../Core/Src/bootloaderMain.c:137:21:compareRAMbufferwithFlashcontents	32	static
../Core/Src/bootloaderMain.c:146:21:eraseFLASHappSpace	40	static
../Core/Src/bootloaderMain.c:164:21:programfromRAMtoFLASH	24	static
../Core/Src/bootloaderMain.c:173:6:deinitEverything	8	static
../Core/Src/bootloaderMain.c:190:6:jumpToApp	16	static,ignoring_inline_asm
